Component: ARM Compiler 5.06 update 7 (build 960) Tool: armlink [4d3601]

==============================================================================

Section Cross References

    startup_stm32f103xe.o(RESET) refers to startup_stm32f103xe.o(STACK) for __initial_sp
    startup_stm32f103xe.o(RESET) refers to startup_stm32f103xe.o(.text) for Reset_Handler
    startup_stm32f103xe.o(RESET) refers to stm32f1xx_it.o(i.NMI_Handler) for NMI_Handler
    startup_stm32f103xe.o(RESET) refers to stm32f1xx_it.o(i.HardFault_Handler) for HardFault_Handler
    startup_stm32f103xe.o(RESET) refers to stm32f1xx_it.o(i.MemManage_Handler) for MemManage_Handler
    startup_stm32f103xe.o(RESET) refers to stm32f1xx_it.o(i.BusFault_Handler) for BusFault_Handler
    startup_stm32f103xe.o(RESET) refers to stm32f1xx_it.o(i.UsageFault_Handler) for UsageFault_Handler
    startup_stm32f103xe.o(RESET) refers to stm32f1xx_it.o(i.SVC_Handler) for SVC_Handler
    startup_stm32f103xe.o(RESET) refers to stm32f1xx_it.o(i.DebugMon_Handler) for DebugMon_Handler
    startup_stm32f103xe.o(RESET) refers to stm32f1xx_it.o(i.PendSV_Handler) for PendSV_Handler
    startup_stm32f103xe.o(RESET) refers to stm32f1xx_it.o(i.SysTick_Handler) for SysTick_Handler
    startup_stm32f103xe.o(RESET) refers to stm32f1xx_it.o(i.EXTI1_IRQHandler) for EXTI1_IRQHandler
    startup_stm32f103xe.o(RESET) refers to stm32f1xx_it.o(i.EXTI2_IRQHandler) for EXTI2_IRQHandler
    startup_stm32f103xe.o(RESET) refers to stm32f1xx_it.o(i.EXTI3_IRQHandler) for EXTI3_IRQHandler
    startup_stm32f103xe.o(RESET) refers to stm32f1xx_it.o(i.DMA1_Channel1_IRQHandler) for DMA1_Channel1_IRQHandler
    startup_stm32f103xe.o(RESET) refers to stm32f1xx_it.o(i.DMA1_Channel2_IRQHandler) for DMA1_Channel2_IRQHandler
    startup_stm32f103xe.o(RESET) refers to stm32f1xx_it.o(i.DMA1_Channel3_IRQHandler) for DMA1_Channel3_IRQHandler
    startup_stm32f103xe.o(RESET) refers to stm32f1xx_it.o(i.DMA1_Channel4_IRQHandler) for DMA1_Channel4_IRQHandler
    startup_stm32f103xe.o(RESET) refers to stm32f1xx_it.o(i.DMA1_Channel5_IRQHandler) for DMA1_Channel5_IRQHandler
    startup_stm32f103xe.o(RESET) refers to stm32f1xx_it.o(i.ADC1_2_IRQHandler) for ADC1_2_IRQHandler
    startup_stm32f103xe.o(RESET) refers to stm32f1xx_it.o(i.EXTI9_5_IRQHandler) for EXTI9_5_IRQHandler
    startup_stm32f103xe.o(RESET) refers to stm32f1xx_it.o(i.USART1_IRQHandler) for USART1_IRQHandler
    startup_stm32f103xe.o(RESET) refers to stm32f1xx_it.o(i.USART3_IRQHandler) for USART3_IRQHandler
    startup_stm32f103xe.o(RESET) refers to stm32f1xx_it.o(i.EXTI15_10_IRQHandler) for EXTI15_10_IRQHandler
    startup_stm32f103xe.o(RESET) refers to stm32f1xx_it.o(i.TIM5_IRQHandler) for TIM5_IRQHandler
    startup_stm32f103xe.o(RESET) refers to stm32f1xx_it.o(i.TIM6_IRQHandler) for TIM6_IRQHandler
    startup_stm32f103xe.o(RESET) refers to stm32f1xx_it.o(i.TIM7_IRQHandler) for TIM7_IRQHandler
    startup_stm32f103xe.o(.text) refers to system_stm32f1xx.o(i.SystemInit) for SystemInit
    startup_stm32f103xe.o(.text) refers to entry.o(.ARM.Collect$$$$00000000) for __main
    common.o(i.GetUniqueID) refers to printfa.o(i.__0sprintf) for __2sprintf
    common.o(i.GetUniqueID) refers to common.o(.bss) for .bss
    common.o(i.HAL_GPIO_EXTI_Callback) refers to ultrasonicwave.o(i.UltrasonicWave_Echo) for UltrasonicWave_Echo
    common.o(i.HAL_GPIO_EXTI_Callback) refers to led_show.o(.data) for g_LED_key_down
    common.o(i.HAL_GPIO_EXTI_Callback) refers to ctrl_menu.o(.data) for g_btn0_flag
    common.o(i.HAL_TIM_PeriodElapsedCallback) refers to speed_encoder.o(i.Speed_Encoder_Update) for Speed_Encoder_Update
    common.o(i.HAL_TIM_PeriodElapsedCallback) refers to tim.o(.bss) for htim5
    common.o(i.HAL_TIM_PeriodElapsedCallback) refers to ultrasonicwave.o(.data) for g_ultrawave_state
    common.o(i.HAL_TIM_PeriodElapsedCallback) refers to common.o(.data) for .data
    common.o(i.HAL_TIM_PeriodElapsedCallback) refers to car_control.o(.data) for g_car_ctrl_state
    common.o(i.HAL_TIM_PeriodElapsedCallback) refers to music.o(.data) for g_music_state
    common.o(i.HAL_TIM_PeriodElapsedCallback) refers to led_show.o(.data) for g_LED_Show_state
    common.o(i.Show_Unique_ID) refers to oled_i2c.o(i.OLED_ShowAscii) for OLED_ShowAscii
    common.o(i.Show_Unique_ID) refers to common.o(.bss) for .bss
    common.o(i.System_Init) refers to uart_dma.o(i.StartAllUartDMAReceive) for StartAllUartDMAReceive
    common.o(i.System_Init) refers to led_show.o(i.UserLED_Init) for UserLED_Init
    common.o(i.System_Init) refers to common.o(i.GetUniqueID) for GetUniqueID
    common.o(i.System_Init) refers to motor_drive.o(i.Moto_Ctrl_Init) for Moto_Ctrl_Init
    common.o(i.System_Init) refers to speed_encoder.o(i.Speed_Encoder_Init) for Speed_Encoder_Init
    common.o(i.System_Init) refers to ultrasonicwave.o(i.UltrasonicWave_Init) for UltrasonicWave_Init
    common.o(i.System_Init) refers to ctrl_menu.o(i.Ctrl_Menu_Init) for Ctrl_Menu_Init
[...]
    _printf_core                             0x08006039   Thumb Code  1704  printfa.o(i._printf_core)
    i._printf_post_padding                   0x080066ec   Section        0  printfa.o(i._printf_post_padding)
    _printf_post_padding                     0x080066ed   Thumb Code    36  printfa.o(i._printf_post_padding)
    i._printf_pre_padding                    0x08006710   Section        0  printfa.o(i._printf_pre_padding)
    _printf_pre_padding                      0x08006711   Thumb Code    46  printfa.o(i._printf_pre_padding)
    i._sputc                                 0x0800673e   Section        0  printfa.o(i._sputc)
    _sputc                                   0x0800673f   Thumb Code    10  printfa.o(i._sputc)
    i.fputc                                  0x08006748   Section        0  common.o(i.fputc)
    i.main                                   0x08006760   Section        0  main.o(i.main)
    .constdata                               0x080067b4   Section      488  music.o(.constdata)
    .constdata                               0x0800699c   Section     1607  oled_i2c.o(.constdata)
    .constdata                               0x08006fe4   Section      288  uart_dma.o(.constdata)
    .constdata                               0x08007104   Section      644  ctrl_menu.o(.constdata)
    .constdata                               0x08007388   Section      432  led_show.o(.constdata)
    .constdata                               0x08007538   Section       18  stm32f1xx_hal_rcc.o(.constdata)
    aPredivFactorTable                       0x08007538   Data           2  stm32f1xx_hal_rcc.o(.constdata)
    aPLLMULFactorTable                       0x0800753a   Data          16  stm32f1xx_hal_rcc.o(.constdata)
    .constdata                               0x0800754a   Section       16  system_stm32f1xx.o(.constdata)
    .constdata                               0x0800755a   Section        8  system_stm32f1xx.o(.constdata)
    .data                                    0x20000000   Section       12  common.o(.data)
    counter                                  0x20000008   Data           4  common.o(.data)
    .data                                    0x2000000c   Section       68  motor_drive.o(.data)
    dir                                      0x2000000d   Data           1  motor_drive.o(.data)
    degree                                   0x2000000e   Data           2  motor_drive.o(.data)
    .data                                    0x20000050   Section       16  music.o(.data)
    .data                                    0x20000060   Section       12  oled_i2c.o(.data)
    .data                                    0x2000006c   Section       44  speed_encoder.o(.data)
    index                                    0x2000006d   Data           1  speed_encoder.o(.data)
    speed                                    0x20000070   Data           8  speed_encoder.o(.data)
    counter                                  0x20000078   Data           8  speed_encoder.o(.data)
    .data                                    0x20000098   Section      308  car_control.o(.data)
    index                                    0x20000099   Data           1  car_control.o(.data)
    last_speed                               0x200000a0   Data           8  car_control.o(.data)
    speed_intergrade                         0x200000a8   Data           8  car_control.o(.data)
    speed                                    0x200000b0   Data           8  car_control.o(.data)
    pwm                                      0x200000b8   Data           8  car_control.o(.data)
    .data                                    0x200001cc   Section        8  ctrl_menu.o(.data)
    .data                                    0x200001d4   Section       56  ultrasonicwave.o(.data)
    .data                                    0x2000020c   Section       58  led_show.o(.data)
    i                                        0x2000020e   Data           1  led_show.o(.data)
    col                                      0x2000020f   Data           1  led_show.o(.data)
    cat                                      0x20000210   Data           1  led_show.o(.data)
    .data                                    0x20000248   Section       48  user_command.o(.data)
    tag_flag                                 0x20000248   Data           1  user_command.o(.data)
    index                                    0x20000249   Data           1  user_command.o(.data)
    .data                                    0x20000278   Section       12  stm32f1xx_hal.o(.data)
    .data                                    0x20000284   Section        4  system_stm32f1xx.o(.data)
    .data                                    0x20000288   Section        4  stdout.o(.data)
    .bss                                     0x2000028c   Section       25  common.o(.bss)
    .bss                                     0x200002a8   Section     1168  uart_dma.o(.bss)
    .bss                                     0x20000738   Section       14  car_control.o(.bss)
    .bss                                     0x20000746   Section       64  user_command.o(.bss)
    .bss                                     0x20000788   Section      116  adc.o(.bss)
    .bss                                     0x200007fc   Section       84  i2c.o(.bss)
    .bss                                     0x20000850   Section      176  spi.o(.bss)
    .bss                                     0x20000900   Section      576  tim.o(.bss)
    .bss                                     0x20000b40   Section      416  usart.o(.bss)
    STACK                                    0x20000ce0   Section     1024  startup_stm32f103xe.o(STACK)

    Global Symbols

    Symbol Name                              Value     Ov Type        Size  Object(Section)

    BuildAttributes$$THM_ISAv4$P$D$K$B$S$PE$A:L22UL41UL21$X:L11$S22US41US21$IEEE1$IW$USESV6$~STKCKD$USESV7$~SHL$OTIME$ROPI$EBA8$MICROLIB$REQ8$PRES8$EABIv2 0x00000000   Number         0  anon$$obj.o ABSOLUTE
    __ARM_use_no_argv                        0x00000000   Number         0  main.o ABSOLUTE
    _printf_a                                0x00000000   Number         0  stubs.o ABSOLUTE
    _printf_c                                0x00000000   Number         0  stubs.o ABSOLUTE
    _printf_charcount                        0x00000000   Number         0  stubs.o ABSOLUTE
    _printf_d                                0x00000000   Number         0  stubs.o ABSOLUTE
    _printf_e                                0x00000000   Number         0  stubs.o ABSOLUTE
    _printf_f                                0x00000000   Number         0  stubs.o ABSOLUTE
    _printf_flags                            0x00000000   Number         0  stubs.o ABSOLUTE
    _printf_fp_dec                           0x00000000   Number         0  stubs.o ABSOLUTE
    _printf_fp_hex                           0x00000000   Number         0  stubs.o ABSOLUTE
    _printf_g                                0x00000000   Number         0  stubs.o ABSOLUTE
    _printf_i                                0x00000000   Number         0  stubs.o ABSOLUTE
    _printf_int_dec                          0x00000000   Number         0  stubs.o ABSOLUTE
    _printf_l                                0x00000000   Number         0  stubs.o ABSOLUTE
    _printf_lc                               0x00000000   Number         0  stubs.o ABSOLUTE
    _printf_ll                               0x00000000   Number         0  stubs.o ABSOLUTE
    _printf_lld                              0x00000000   Number         0  stubs.o ABSOLUTE
    _printf_lli                              0x00000000   Number         0  stubs.o ABSOLUTE
    _printf_llo                              0x00000000   Number         0  stubs.o ABSOLUTE
    _printf_llu                              0x00000000   Number         0  stubs.o ABSOLUTE
    _printf_llx                              0x00000000   Number         0  stubs.o ABSOLUTE
    _printf_longlong_dec                     0x00000000   Number         0  stubs.o ABSOLUTE
    _printf_longlong_hex                     0x00000000   Number         0  stubs.o ABSOLUTE
    _printf_longlong_oct                     0x00000000   Number         0  stubs.o ABSOLUTE
    _printf_ls                               0x00000000   Number         0  stubs.o ABSOLUTE
    _printf_mbtowc                           0x00000000   Number         0  stubs.o ABSOLUTE
    _printf_n                                0x00000000   Number         0  stubs.o ABSOLUTE
    _printf_o                                0x00000000   Number         0  stubs.o ABSOLUTE
    _printf_p                                0x00000000   Number         0  stubs.o ABSOLUTE
    _printf_percent                          0x00000000   Number         0  stubs.o ABSOLUTE
    _printf_pre_padding                      0x00000000   Number         0  stubs.o ABSOLUTE
    _printf_return_value                     0x00000000   Number         0  stubs.o ABSOLUTE
    _printf_s                                0x00000000   Number         0  stubs.o ABSOLUTE
    _printf_sizespec                         0x00000000   Number         0  stubs.o ABSOLUTE
    _printf_str                              0x00000000   Number         0  stubs.o ABSOLUTE
    _printf_truncate_signed                  0x00000000   Number         0  stubs.o ABSOLUTE
    _printf_truncate_unsigned                0x00000000   Number         0  stubs.o ABSOLUTE
    _printf_u                                0x00000000   Number         0  stubs.o ABSOLUTE
    _printf_wc                               0x00000000   Number         0  stubs.o ABSOLUTE
    _printf_wctomb                           0x00000000   Number         0  stubs.o ABSOLUTE
    _printf_widthprec                        0x00000000   Number         0  stubs.o ABSOLUTE
    _printf_x                                0x00000000   Number         0  stubs.o ABSOLUTE
    __arm_fini_                               - Undefined Weak Reference
    __cpp_initialize__aeabi_                  - Undefined Weak Reference
    __cxa_finalize                            - Undefined Weak Reference
    _clock_init                               - Undefined Weak Reference
    _microlib_exit                            - Undefined Weak Reference
    __Vectors_Size                           0x00000130   Number         0  startup_stm32f103xe.o ABSOLUTE
    __Vectors                                0x08000000   Data           4  startup_stm32f103xe.o(RESET)
    __Vectors_End                            0x08000130   Data           0  startup_stm32f103xe.o(RESET)
    __main                                   0x08000131   Thumb Code     0  entry.o(.ARM.Collect$$$$00000000)
    _main_stk                                0x08000131   Thumb Code     0  entry2.o(.ARM.Collect$$$$00000001)
    _main_scatterload                        0x08000135   Thumb Code     0  entry5.o(.ARM.Collect$$$$00000004)
    __main_after_scatterload                 0x08000139   Thumb Code     0  entry5.o(.ARM.Collect$$$$00000004)
    _main_clock                              0x08000139   Thumb Code     0  entry7b.o(.ARM.Collect$$$$00000008)
    _main_cpp_init                           0x08000139   Thumb Code     0  entry8b.o(.ARM.Collect$$$$0000000A)
    _main_init                               0x08000139   Thumb Code     0  entry9a.o(.ARM.Collect$$$$0000000B)
    __rt_lib_shutdown_fini                   0x08000141   Thumb Code     0  entry12b.o(.ARM.Collect$$$$0000000E)
    __rt_final_cpp                           0x08000145   Thumb Code     0  entry10a.o(.ARM.Collect$$$$0000000F)
    __rt_final_exit                          0x08000145   Thumb Code     0  entry11a.o(.ARM.Collect$$$$00000011)
    Reset_Handler                            0x08000149   Thumb Code     8  startup_stm32f103xe.o(.text)
    ADC3_IRQHandler                          0x08000163   Thumb Code     0  startup_stm32f103xe.o(.text)
    CAN1_RX1_IRQHandler                      0x08000163   Thumb Code     0  startup_stm32f103xe.o(.text)
    CAN1_SCE_IRQHandler                      0x08000163   Thumb Code     0  startup_stm32f103xe.o(.text)
    DMA1_Channel6_IRQHandler                 0x08000163   Thumb Code     0  startup_stm32f103xe.o(.text)
    DMA1_Channel7_IRQHandler                 0x08000163   Thumb Code     0  startup_stm32f103xe.o(.text)
    DMA2_Channel1_IRQHandler                 0x08000163   Thumb Code     0  startup_stm32f103xe.o(.text)
    DMA2_Channel2_IRQHandler                 0x08000163   Thumb Code     0  startup_stm32f103xe.o(.text)
    DMA2_Channel3_IRQHandler                 0x08000163   Thumb Code     0  startup_stm32f103xe.o(.text)
    DMA2_Channel4_5_IRQHandler               0x08000163   Thumb Code     0  startup_stm32f103xe.o(.text)
    EXTI0_IRQHandler                         0x08000163   Thumb Code     0  startup_stm32f103xe.o(.text)
    EXTI4_IRQHandler                         0x08000163   Thumb Code     0  startup_stm32f103xe.o(.text)
    FLASH_IRQHandler                         0x08000163   Thumb Code     0  startup_stm32f103xe.o(.text)
    FSMC_IRQHandler                          0x08000163   Thumb Code     0  startup_stm32f103xe.o(.text)
    I2C1_ER_IRQHandler                       0x08000163   Thumb Code     0  startup_stm32f103xe.o(.text)
    I2C1_EV_IRQHandler                       0x08000163   Thumb Code     0  startup_stm32f103xe.o(.text)
    I2C2_ER_IRQHandler                       0x08000163   Thumb Code     0  startup_stm32f103xe.o(.text)
    I2C2_EV_IRQHandler                       0x08000163   Thumb Code     0  startup_stm32f103xe.o(.text)
    PVD_IRQHandler                           0x08000163   Thumb Code     0  startup_stm32f103xe.o(.text)
    RCC_IRQHandler                           0x08000163   Thumb Code     0  startup_stm32f103xe.o(.text)
    RTC_Alarm_IRQHandler                     0x08000163   Thumb Code     0  startup_stm32f103xe.o(.text)
    RTC_IRQHandler                           0x08000163   Thumb Code     0  startup_stm32f103xe.o(.text)
    SDIO_IRQHandler                          0x08000163   Thumb Code     0  startup_stm32f103xe.o(.text)
    SPI1_IRQHandler                          0x08000163   Thumb Code     0  startup_stm32f103xe.o(.text)
    SPI2_IRQHandler                          0x08000163   Thumb Code     0  startup_stm32f103xe.o(.text)
    SPI3_IRQHandler                          0x08000163   Thumb Code     0  startup_stm32f103xe.o(.text)
    TAMPER_IRQHandler                        0x08000163   Thumb Code     0  startup_stm32f103xe.o(.text)
    TIM1_BRK_IRQHandler                      0x08000163   Thumb Code     0  startup_stm32f103xe.o(.text)
    TIM1_CC_IRQHandler                       0x08000163   Thumb Code     0  startup_stm32f103xe.o(.text)
    TIM1_TRG_COM_IRQHandler                  0x08000163   Thumb Code     0  startup_stm32f103xe.o(.text)
    TIM1_UP_IRQHandler                       0x08000163   Thumb Code     0  startup_stm32f103xe.o(.text)
    TIM2_IRQHandler                          0x08000163   Thumb Code     0  startup_stm32f103xe.o(.text)
    TIM3_IRQHandler                          0x08000163   Thumb Code     0  startup_stm32f103xe.o(.text)
    TIM4_IRQHandler                          0x08000163   Thumb Code     0  startup_stm32f103xe.o(.text)
    TIM8_BRK_IRQHandler                      0x08000163   Thumb Code     0  startup_stm32f103xe.o(.text)
    TIM8_CC_IRQHandler                       0x08000163   Thumb Code     0  startup_stm32f103xe.o(.text)
    TIM8_TRG_COM_IRQHandler                  0x08000163   Thumb Code     0  startup_stm32f103xe.o(.text)
    TIM8_UP_IRQHandler                       0x08000163   Thumb Code     0  startup_stm32f103xe.o(.text)
    UART4_IRQHandler                         0x08000163   Thumb Code     0  startup_stm32f103xe.o(.text)
    UART5_IRQHandler                         0x08000163   Thumb Code     0  startup_stm32f103xe.o(.text)
    USART2_IRQHandler                        0x08000163   Thumb Code     0  startup_stm32f103xe.o(.text)
    USBWakeUp_IRQHandler                     0x08000163   Thumb Code     0  startup_stm32f103xe.o(.text)
    USB_HP_CAN1_TX_IRQHandler                0x08000163   Thumb Code     0  startup_stm32f103xe.o(.text)
    USB_LP_CAN1_RX0_IRQHandler               0x08000163   Thumb Code     0  startup_stm32f103xe.o(.text)
    WWDG_IRQHandler                          0x08000163   Thumb Code     0  startup_stm32f103xe.o(.text)
    __aeabi_llsr                             0x0800016d   Thumb Code    32  llushr.o(.text)
    _ll_ushift_r                             0x0800016d   Thumb Code     0  llushr.o(.text)
    __aeabi_memset                           0x0800018d   Thumb Code    14  memseta.o(.text)
    __aeabi_memset4                          0x0800018d   Thumb Code     0  memseta.o(.text)
    __aeabi_memset8                          0x0800018d   Thumb Code     0  memseta.o(.text)
    __aeabi_memclr                           0x0800019b   Thumb Code     4  memseta.o(.text)
    __aeabi_memclr4                          0x0800019b   Thumb Code     0  memseta.o(.text)
    __aeabi_memclr8                          0x0800019b   Thumb Code     0  memseta.o(.text)
    _memset$wrapper                          0x0800019f   Thumb Code    18  memseta.o(.text)
    strlen                                   0x080001b1   Thumb Code    14  strlen.o(.text)
    strcasecmp                               0x080001bf   Thumb Code    42  strcasecmp.o(.text)
    strncasecmp                              0x080001e9   Thumb Code    50  strncasecmp.o(.text)
    __aeabi_fadd                             0x0800021b   Thumb Code   164  fadd.o(.text)
    __aeabi_fsub                             0x080002bf   Thumb Code     6  fadd.o(.text)
    __aeabi_frsub                            0x080002c5   Thumb Code     6  fadd.o(.text)
    __aeabi_fmul                             0x080002cb   Thumb Code   100  fmul.o(.text)
    __aeabi_ddiv                             0x0800032f   Thumb Code   222  ddiv.o(.text)
    __aeabi_i2f                              0x0800040d   Thumb Code    18  fflti.o(.text)
    __aeabi_ui2d                             0x0800041f   Thumb Code    26  dfltui.o(.text)
    __aeabi_f2iz                             0x08000439   Thumb Code    50  ffixi.o(.text)
    __aeabi_uidiv                            0x0800046b   Thumb Code     0  uidiv.o(.text)
    __aeabi_uidivmod                         0x0800046b   Thumb Code    44  uidiv.o(.text)
    __aeabi_uldivmod                         0x08000497   Thumb Code    98  uldiv.o(.text)
    tolower                                  0x080004f9   Thumb Code    12  tolower.o(.text)
    __I$use$fp                               0x08000505   Thumb Code     0  iusefp.o(.text)
    _float_round                             0x08000505   Thumb Code    18  fepilogue.o(.text)
    _float_epilogue                          0x08000517   Thumb Code    92  fepilogue.o(.text)
    _double_round                            0x08000573   Thumb Code    30  depilogue.o(.text)
    _double_epilogue                         0x08000591   Thumb Code   156  depilogue.o(.text)
    __aeabi_dadd                             0x0800062d   Thumb Code   322  dadd.o(.text)
    __aeabi_dsub                             0x0800076f   Thumb Code     6  dadd.o(.text)
    __aeabi_drsub                            0x08000775   Thumb Code     6  dadd.o(.text)
    __aeabi_dmul                             0x0800077b   Thumb Code   228  dmul.o(.text)
    __aeabi_d2ulz                            0x0800085f   Thumb Code    48  dfixul.o(.text)
    __aeabi_cdrcmple                         0x08000891   Thumb Code    48  cdrcmple.o(.text)
    __scatterload                            0x080008c1   Thumb Code    28  init.o(.text)
    __scatterload_rt2                        0x080008c1   Thumb Code     0  init.o(.text)
    __aeabi_llsl                             0x080008e5   Thumb Code    30  llshl.o(.text)
    _ll_shift_l                              0x080008e5   Thumb Code     0  llshl.o(.text)
    __aeabi_lasr                             0x08000903   Thumb Code    36  llsshr.o(.text)
    _ll_sshift_r                             0x08000903   Thumb Code     0  llsshr.o(.text)
    __decompress                             0x08000927   Thumb Code     0  __dczerorl2.o(.text)
    __decompress1                            0x08000927   Thumb Code    86  __dczerorl2.o(.text)
    ADC1_2_IRQHandler                        0x0800097d   Thumb Code     6  stm32f1xx_it.o(i.ADC1_2_IRQHandler)
    ADC_ConversionStop_Disable               0x08000989   Thumb Code    86  stm32f1xx_hal_adc.o(i.ADC_ConversionStop_Disable)
    BusFault_Handler                         0x080009df   Thumb Code     2  stm32f1xx_it.o(i.BusFault_Handler)
    CarCtrl_Backward                         0x080009e1   Thumb Code    30  car_control.o(i.CarCtrl_Backward)
    CarCtrl_Forward                          0x08000a05   Thumb Code    28  car_control.o(i.CarCtrl_Forward)
    CarCtrl_Init                             0x08000a25   Thumb Code    20  car_control.o(i.CarCtrl_Init)
    CarCtrl_Left                             0x08000a41   Thumb Code    28  car_control.o(i.CarCtrl_Left)
    CarCtrl_PlanSet                          0x08000a61   Thumb Code   172  car_control.o(i.CarCtrl_PlanSet)
    CarCtrl_Process                          0x08000b19   Thumb Code    38  car_control.o(i.CarCtrl_Process)
    CarCtrl_Right                            0x08000b45   Thumb Code    30  car_control.o(i.CarCtrl_Right)
    CarCtrl_SpeedDown                        0x08000b69   Thumb Code    22  car_control.o(i.CarCtrl_SpeedDown)
    CarCtrl_SpeedStop                        0x08000b85   Thumb Code    22  car_control.o(i.CarCtrl_SpeedStop)
    CarCtrl_SpeedUp                          0x08000ba1   Thumb Code    22  car_control.o(i.CarCtrl_SpeedUp)
    CarCtrl_Speed_PID                        0x08000bbd   Thumb Code   192  car_control.o(i.CarCtrl_Speed_PID)
    CarCtrl_Start                            0x08000c89   Thumb Code     8  car_control.o(i.CarCtrl_Start)
    CarCtrl_Stop                             0x08000c95   Thumb Code    10  car_control.o(i.CarCtrl_Stop)
    CarCtrl_Straight                         0x08000ca5   Thumb Code    12  car_control.o(i.CarCtrl_Straight)
    CheckUartRxData                          0x08000cb5   Thumb Code   124  uart_dma.o(i.CheckUartRxData)
    CheckUartTxData                          0x08000d35   Thumb Code   110  uart_dma.o(i.CheckUartTxData)
    CheckUserCmd                             0x08000da9   Thumb Code    34  user_command.o(i.CheckUserCmd)
    Ctrl_Menu_Init                           0x08000dd1   Thumb Code    28  ctrl_menu.o(i.Ctrl_Menu_Init)
    Ctrl_Menu_Item                           0x08000e05   Thumb Code    56  ctrl_menu.o(i.Ctrl_Menu_Item)
    Ctrl_Menu_Process                        0x08000e45   Thumb Code    90  ctrl_menu.o(i.Ctrl_Menu_Process)
    Ctrl_Menu_Return                         0x08000ea9   Thumb Code    46  ctrl_menu.o(i.Ctrl_Menu_Return)
    Ctrl_Menu_Show                           0x08000ee1   Thumb Code   164  ctrl_menu.o(i.Ctrl_Menu_Show)
    DMA1_Channel1_IRQHandler                 0x08000f91   Thumb Code     6  stm32f1xx_it.o(i.DMA1_Channel1_IRQHandler)
    DMA1_Channel2_IRQHandler                 0x08000f9d   Thumb Code     6  stm32f1xx_it.o(i.DMA1_Channel2_IRQHandler)
    DMA1_Channel3_IRQHandler                 0x08000fa9   Thumb Code     6  stm32f1xx_it.o(i.DMA1_Channel3_IRQHandler)
    DMA1_Channel4_IRQHandler                 0x08000fb5   Thumb Code     6  stm32f1xx_it.o(i.DMA1_Channel4_IRQHandler)
    DMA1_Channel5_IRQHandler                 0x08000fc1   Thumb Code     6  stm32f1xx_it.o(i.DMA1_Channel5_IRQHandler)
    DebugMon_Handler                         0x08000ff7   Thumb Code     2  stm32f1xx_it.o(i.DebugMon_Handler)
    Drive_Moto_Ctrl                          0x08000ff9   Thumb Code   134  motor_drive.o(i.Drive_Moto_Ctrl)
    Drive_Moto_Init                          0x08001085   Thumb Code   470  motor_drive.o(i.Drive_Moto_Init)
    EXTI15_10_IRQHandler                     0x0800127d   Thumb Code     8  stm32f1xx_it.o(i.EXTI15_10_IRQHandler)
    EXTI1_IRQHandler                         0x08001285   Thumb Code     6  stm32f1xx_it.o(i.EXTI1_IRQHandler)
    EXTI2_IRQHandler                         0x0800128b   Thumb Code     6  stm32f1xx_it.o(i.EXTI2_IRQHandler)
    EXTI3_IRQHandler                         0x08001291   Thumb Code     6  stm32f1xx_it.o(i.EXTI3_IRQHandler)
    EXTI9_5_IRQHandler                       0x08001297   Thumb Code     6  stm32f1xx_it.o(i.EXTI9_5_IRQHandler)
    Error_Handler                            0x0800129d   Thumb Code     4  main.o(i.Error_Handler)
    HAL_ADCEx_InjectedConvCpltCallback       0x08001399   Thumb Code     2  stm32f1xx_hal_adc_ex.o(i.HAL_ADCEx_InjectedConvCpltCallback)
    HAL_ADC_ConfigChannel                    0x0800139d   Thumb Code   240  stm32f1xx_hal_adc.o(i.HAL_ADC_ConfigChannel)
    HAL_ADC_ConvCpltCallback                 0x08001499   Thumb Code     2  stm32f1xx_hal_adc.o(i.HAL_ADC_ConvCpltCallback)
    HAL_ADC_IRQHandler                       0x0800149b   Thumb Code   220  stm32f1xx_hal_adc.o(i.HAL_ADC_IRQHandler)
    HAL_ADC_Init                             0x08001579   Thumb Code   272  stm32f1xx_hal_adc.o(i.HAL_ADC_Init)
    HAL_ADC_LevelOutOfWindowCallback         0x08001699   Thumb Code     2  stm32f1xx_hal_adc.o(i.HAL_ADC_LevelOutOfWindowCallback)
    HAL_ADC_MspInit                          0x0800169d   Thumb Code   136  adc.o(i.HAL_ADC_MspInit)
    HAL_DMA_Abort                            0x08001739   Thumb Code    70  stm32f1xx_hal_dma.o(i.HAL_DMA_Abort)
    HAL_DMA_Abort_IT                         0x08001781   Thumb Code   296  stm32f1xx_hal_dma.o(i.HAL_DMA_Abort_IT)
    HAL_DMA_IRQHandler                       0x080018b1   Thumb Code   552  stm32f1xx_hal_dma.o(i.HAL_DMA_IRQHandler)
    HAL_DMA_Init                             0x08001af9   Thumb Code   112  stm32f1xx_hal_dma.o(i.HAL_DMA_Init)
    HAL_DMA_Start_IT                         0x08001b75   Thumb Code   112  stm32f1xx_hal_dma.o(i.HAL_DMA_Start_IT)
    HAL_GPIO_EXTI_Callback                   0x08001be5   Thumb Code    36  common.o(i.HAL_GPIO_EXTI_Callback)
    HAL_GPIO_EXTI_IRQHandler                 0x08001c15   Thumb Code    18  stm32f1xx_hal_gpio.o(i.HAL_GPIO_EXTI_IRQHandler)
    HAL_GPIO_Init                            0x08001c2d   Thumb Code   462  stm32f1xx_hal_gpio.o(i.HAL_GPIO_Init)
    HAL_GPIO_ReadPin                         0x08001e25   Thumb Code    10  stm32f1xx_hal_gpio.o(i.HAL_GPIO_ReadPin)
    HAL_GPIO_WritePin                        0x08001e2f   Thumb Code    10  stm32f1xx_hal_gpio.o(i.HAL_GPIO_WritePin)
    HAL_GetTick                              0x08001e39   Thumb Code     6  stm32f1xx_hal.o(i.HAL_GetTick)
    HAL_I2C_Init                             0x08001e45   Thumb Code   376  stm32f1xx_hal_i2c.o(i.HAL_I2C_Init)
    HAL_I2C_Mem_Write                        0x08001fcd   Thumb Code   294  stm32f1xx_hal_i2c.o(i.HAL_I2C_Mem_Write)
    HAL_I2C_MspInit                          0x080020fd   Thumb Code    82  i2c.o(i.HAL_I2C_MspInit)
    HAL_IncTick                              0x0800215d   Thumb Code    12  stm32f1xx_hal.o(i.HAL_IncTick)
    HAL_Init                                 0x0800216d   Thumb Code    32  stm32f1xx_hal.o(i.HAL_Init)
    HAL_InitTick                             0x08002191   Thumb Code    54  stm32f1xx_hal.o(i.HAL_InitTick)
    HAL_MspInit                              0x080021d1   Thumb Code    52  stm32f1xx_hal_msp.o(i.HAL_MspInit)
    HAL_NVIC_DisableIRQ                      0x0800220d   Thumb Code    34  stm32f1xx_hal_cortex.o(i.HAL_NVIC_DisableIRQ)
    HAL_NVIC_EnableIRQ                       0x0800222f   Thumb Code    26  stm32f1xx_hal_cortex.o(i.HAL_NVIC_EnableIRQ)
    HAL_NVIC_SetPriority                     0x08002249   Thumb Code    60  stm32f1xx_hal_cortex.o(i.HAL_NVIC_SetPriority)
    HAL_NVIC_SetPriorityGrouping             0x08002289   Thumb Code    26  stm32f1xx_hal_cortex.o(i.HAL_NVIC_SetPriorityGrouping)
    HAL_RCCEx_PeriphCLKConfig                0x080022ad   Thumb Code   224  stm32f1xx_hal_rcc_ex.o(i.HAL_RCCEx_PeriphCLKConfig)
    HAL_RCC_ClockConfig                      0x08002399   Thumb Code   280  stm32f1xx_hal_rcc.o(i.HAL_RCC_ClockConfig)
    HAL_RCC_GetPCLK1Freq                     0x080024c5   Thumb Code    20  stm32f1xx_hal_rcc.o(i.HAL_RCC_GetPCLK1Freq)
    HAL_RCC_GetPCLK2Freq                     0x080024e5   Thumb Code    20  stm32f1xx_hal_rcc.o(i.HAL_RCC_GetPCLK2Freq)
    HAL_RCC_GetSysClockFreq                  0x08002505   Thumb Code    58  stm32f1xx_hal_rcc.o(i.HAL_RCC_GetSysClockFreq)
    HAL_RCC_OscConfig                        0x08002551   Thumb Code   778  stm32f1xx_hal_rcc.o(i.HAL_RCC_OscConfig)
    HAL_SPI_Init                             0x08002871   Thumb Code   178  stm32f1xx_hal_spi.o(i.HAL_SPI_Init)
    HAL_SPI_MspInit                          0x08002925   Thumb Code   154  spi.o(i.HAL_SPI_MspInit)
    HAL_SPI_Transmit                         0x080029d5   Thumb Code   358  stm32f1xx_hal_spi.o(i.HAL_SPI_Transmit)
    HAL_SYSTICK_Config                       0x08002b3b   Thumb Code    40  stm32f1xx_hal_cortex.o(i.HAL_SYSTICK_Config)
    HAL_TIMEx_BreakCallback                  0x08002b63   Thumb Code     2  stm32f1xx_hal_tim_ex.o(i.HAL_TIMEx_BreakCallback)
    HAL_TIMEx_CommutCallback                 0x08002b65   Thumb Code     2  stm32f1xx_hal_tim_ex.o(i.HAL_TIMEx_CommutCallback)
    HAL_TIMEx_ConfigBreakDeadTime            0x08002b67   Thumb Code    84  stm32f1xx_hal_tim_ex.o(i.HAL_TIMEx_ConfigBreakDeadTime)
    HAL_TIMEx_MasterConfigSynchronization    0x08002bbd   Thumb Code   104  stm32f1xx_hal_tim_ex.o(i.HAL_TIMEx_MasterConfigSynchronization)
    HAL_TIM_Base_Init                        0x08002c39   Thumb Code    90  stm32f1xx_hal_tim.o(i.HAL_TIM_Base_Init)
    HAL_TIM_Base_MspInit                     0x08002c95   Thumb Code   166  tim.o(i.HAL_TIM_Base_MspInit)
    HAL_TIM_Base_Start_IT                    0x08002d51   Thumb Code    88  stm32f1xx_hal_tim.o(i.HAL_TIM_Base_Start_IT)
    HAL_TIM_Base_Stop_IT                     0x08002dbd   Thumb Code    48  stm32f1xx_hal_tim.o(i.HAL_TIM_Base_Stop_IT)
    HAL_TIM_ConfigClockSource                0x08002ded   Thumb Code   220  stm32f1xx_hal_tim.o(i.HAL_TIM_ConfigClockSource)
    HAL_TIM_Encoder_Init                     0x08002ec9   Thumb Code   164  stm32f1xx_hal_tim.o(i.HAL_TIM_Encoder_Init)
    HAL_TIM_Encoder_MspInit                  0x08002f6d   Thumb Code   142  tim.o(i.HAL_TIM_Encoder_MspInit)
    HAL_TIM_Encoder_Start                    0x08003015   Thumb Code   142  stm32f1xx_hal_tim.o(i.HAL_TIM_Encoder_Start)
    HAL_TIM_IC_CaptureCallback               0x080030a3   Thumb Code     2  stm32f1xx_hal_tim.o(i.HAL_TIM_IC_CaptureCallback)
    HAL_TIM_IRQHandler                       0x080030a5   Thumb Code   304  stm32f1xx_hal_tim.o(i.HAL_TIM_IRQHandler)
    HAL_TIM_MspPostInit                      0x080031d5   Thumb Code   158  tim.o(i.HAL_TIM_MspPostInit)
    HAL_TIM_OC_DelayElapsedCallback          0x0800328d   Thumb Code     2  stm32f1xx_hal_tim.o(i.HAL_TIM_OC_DelayElapsedCallback)
    HAL_TIM_PWM_ConfigChannel                0x0800328f   Thumb Code   204  stm32f1xx_hal_tim.o(i.HAL_TIM_PWM_ConfigChannel)
    HAL_TIM_PWM_Init                         0x0800335b   Thumb Code    90  stm32f1xx_hal_tim.o(i.HAL_TIM_PWM_Init)
    HAL_TIM_PWM_MspInit                      0x080033b5   Thumb Code    30  tim.o(i.HAL_TIM_PWM_MspInit)
    HAL_TIM_PWM_PulseFinishedCallback        0x080033dd   Thumb Code     2  stm32f1xx_hal_tim.o(i.HAL_TIM_PWM_PulseFinishedCallback)
    HAL_TIM_PWM_Start                        0x080033e1   Thumb Code   160  stm32f1xx_hal_tim.o(i.HAL_TIM_PWM_Start)
    HAL_TIM_PWM_Stop                         0x08003495   Thumb Code   114  stm32f1xx_hal_tim.o(i.HAL_TIM_PWM_Stop)
    HAL_TIM_PeriodElapsedCallback            0x08003511   Thumb Code   116  common.o(i.HAL_TIM_PeriodElapsedCallback)
    HAL_TIM_TriggerCallback                  0x080035a5   Thumb Code     2  stm32f1xx_hal_tim.o(i.HAL_TIM_TriggerCallback)
    HAL_UARTEx_RxEventCallback               0x080035a7   Thumb Code     2  stm32f1xx_hal_uart.o(i.HAL_UARTEx_RxEventCallback)
    HAL_UART_DMAStopRx                       0x080035a9   Thumb Code    52  uart_dma.o(i.HAL_UART_DMAStopRx)
    HAL_UART_EndRxTransfer_IT                0x080035dd   Thumb Code    28  uart_dma.o(i.HAL_UART_EndRxTransfer_IT)
    HAL_UART_ErrorCallback                   0x080035f9   Thumb Code     2  uart_dma.o(i.HAL_UART_ErrorCallback)
    HAL_UART_IRQHandler                      0x080035fd   Thumb Code   616  stm32f1xx_hal_uart.o(i.HAL_UART_IRQHandler)
    HAL_UART_Init                            0x08003869   Thumb Code   100  stm32f1xx_hal_uart.o(i.HAL_UART_Init)
    HAL_UART_MspInit                         0x080038cd   Thumb Code   390  usart.o(i.HAL_UART_MspInit)
    HAL_UART_Receive_DMA                     0x08003a75   Thumb Code    28  stm32f1xx_hal_uart.o(i.HAL_UART_Receive_DMA)
    HAL_UART_Receive_IT                      0x08003a91   Thumb Code    28  stm32f1xx_hal_uart.o(i.HAL_UART_Receive_IT)
    HAL_UART_RxCpltCallback                  0x08003aad   Thumb Code   166  uart_dma.o(i.HAL_UART_RxCpltCallback)
    HAL_UART_RxHalfCpltCallback              0x08003b69   Thumb Code     2  stm32f1xx_hal_uart.o(i.HAL_UART_RxHalfCpltCallback)
    HAL_UART_Transmit                        0x08003b6b   Thumb Code   160  stm32f1xx_hal_uart.o(i.HAL_UART_Transmit)
    HAL_UART_Transmit_DMA                    0x08003c0d   Thumb Code   106  stm32f1xx_hal_uart.o(i.HAL_UART_Transmit_DMA)
    HAL_UART_TxCpltCallback                  0x08003c85   Thumb Code   104  uart_dma.o(i.HAL_UART_TxCpltCallback)
    HAL_UART_TxHalfCpltCallback              0x08003d01   Thumb Code     2  stm32f1xx_hal_uart.o(i.HAL_UART_TxHalfCpltCallback)
    HardFault_Handler                        0x08003d03   Thumb Code     2  stm32f1xx_it.o(i.HardFault_Handler)
    LEDSHOW                                  0x08003fd9   Thumb Code   178  led_show.o(i.LEDSHOW)
    LED_Clear                                0x08004095   Thumb Code    18  led_show.o(i.LED_Clear)
    LED_Loop1                                0x080040ad   Thumb Code   112  led_show.o(i.LED_Loop1)
    MX_ADC1_Init                             0x08004125   Thumb Code    72  adc.o(i.MX_ADC1_Init)
    MX_DMA_Init                              0x08004175   Thumb Code   104  dma.o(i.MX_DMA_Init)
    MX_GPIO_Init                             0x080041e1   Thumb Code   396  gpio.o(i.MX_GPIO_Init)
    MX_I2C2_Init                             0x08004389   Thumb Code    50  i2c.o(i.MX_I2C2_Init)
    MX_SPI1_Init                             0x080043c9   Thumb Code    62  spi.o(i.MX_SPI1_Init)
    MX_SPI2_Init                             0x08004411   Thumb Code    60  spi.o(i.MX_SPI2_Init)
    MX_TIM1_Init                             0x08004455   Thumb Code   150  tim.o(i.MX_TIM1_Init)
    MX_TIM2_Init                             0x080044f5   Thumb Code   176  tim.o(i.MX_TIM2_Init)
    MX_TIM3_Init                             0x080045a9   Thumb Code    98  tim.o(i.MX_TIM3_Init)
    MX_TIM4_Init                             0x08004615   Thumb Code   158  tim.o(i.MX_TIM4_Init)
    MX_TIM5_Init                             0x080046bd   Thumb Code    92  tim.o(i.MX_TIM5_Init)
    MX_TIM6_Init                             0x08004721   Thumb Code    60  tim.o(i.MX_TIM6_Init)
    MX_TIM7_Init                             0x08004765   Thumb Code    58  tim.o(i.MX_TIM7_Init)
    MX_TIM8_Init                             0x080047a9   Thumb Code   100  tim.o(i.MX_TIM8_Init)
    MX_USART1_UART_Init                      0x08004815   Thumb Code    48  usart.o(i.MX_USART1_UART_Init)
    MX_USART3_UART_Init                      0x0800484d   Thumb Code    48  usart.o(i.MX_USART3_UART_Init)
    MemManage_Handler                        0x08004885   Thumb Code     2  stm32f1xx_it.o(i.MemManage_Handler)
    Moto_Ctrl_Init                           0x08004889   Thumb Code   124  motor_drive.o(i.Moto_Ctrl_Init)
    MusicProcess                             0x08004909   Thumb Code   208  music.o(i.MusicProcess)
    Music_Menu_Off                           0x080049e1   Thumb Code    12  music.o(i.Music_Menu_Off)
    Music_Menu_On                            0x080049f1   Thumb Code    12  music.o(i.Music_Menu_On)
    NMI_Handler                              0x08004a01   Thumb Code     2  stm32f1xx_it.o(i.NMI_Handler)
    OLED_ShowAscii                           0x08004a05   Thumb Code   152  oled_i2c.o(i.OLED_ShowAscii)
    OLED_address                             0x08004aa1   Thumb Code    34  oled_i2c.o(i.OLED_address)
    OLED_clear                               0x08004ac3   Thumb Code    40  oled_i2c.o(i.OLED_clear)
    OLED_command                             0x08004aed   Thumb Code    32  oled_i2c.o(i.OLED_command)
    OLED_data                                0x08004b11   Thumb Code    46  oled_i2c.o(i.OLED_data)
    OLED_init                                0x08004b45   Thumb Code   144  oled_i2c.o(i.OLED_init)
    PendSV_Handler                           0x08004bd5   Thumb Code     2  stm32f1xx_it.o(i.PendSV_Handler)
    SVC_Handler                              0x08004cc5   Thumb Code     2  stm32f1xx_it.o(i.SVC_Handler)
    Show_Unique_ID                           0x08004cc9   Thumb Code    36  common.o(i.Show_Unique_ID)
    Speed_Calculate                          0x08004cf1   Thumb Code    38  speed_encoder.o(i.Speed_Calculate)
    Speed_Encoder_Init                       0x08004d21   Thumb Code    38  speed_encoder.o(i.Speed_Encoder_Init)
    Speed_Encoder_Update                     0x08004d4d   Thumb Code    50  speed_encoder.o(i.Speed_Encoder_Update)
    StartAllUartDMAReceive                   0x08004d85   Thumb Code    18  uart_dma.o(i.StartAllUartDMAReceive)
    StartUartByIndex                         0x08004d99   Thumb Code    30  uart_dma.o(i.StartUartByIndex)
    Steer_Moto_Ctrl                          0x08004dbd   Thumb Code    74  motor_drive.o(i.Steer_Moto_Ctrl)
    Steer_Moto_Init                          0x08004e0d   Thumb Code   274  motor_drive.o(i.Steer_Moto_Init)
    SysTick_Handler                          0x08004f45   Thumb Code     4  stm32f1xx_it.o(i.SysTick_Handler)
    SystemClock_Config                       0x08004f49   Thumb Code   122  main.o(i.SystemClock_Config)
    SystemInit                               0x08004fc3   Thumb Code     2  system_stm32f1xx.o(i.SystemInit)
    System_Init                              0x08004fc5   Thumb Code    48  common.o(i.System_Init)
    System_Timer_Start                       0x08005005   Thumb Code    42  common.o(i.System_Timer_Start)
    TIM5_IRQHandler                          0x08005035   Thumb Code     6  stm32f1xx_it.o(i.TIM5_IRQHandler)
    TIM6_IRQHandler                          0x08005041   Thumb Code     6  stm32f1xx_it.o(i.TIM6_IRQHandler)
    TIM7_IRQHandler                          0x0800504d   Thumb Code     6  stm32f1xx_it.o(i.TIM7_IRQHandler)
    TIM_Base_SetConfig                       0x08005059   Thumb Code   134  stm32f1xx_hal_tim.o(i.TIM_Base_SetConfig)
    TIM_CCxChannelCmd                        0x080050f5   Thumb Code    26  stm32f1xx_hal_tim.o(i.TIM_CCxChannelCmd)
    TIM_ETR_SetConfig                        0x0800510f   Thumb Code    20  stm32f1xx_hal_tim.o(i.TIM_ETR_SetConfig)
    TIM_OC2_SetConfig                        0x08005195   Thumb Code    98  stm32f1xx_hal_tim.o(i.TIM_OC2_SetConfig)
    TxRxDataCallback                         0x080052ff   Thumb Code    18  uart_dma.o(i.TxRxDataCallback)
    UART_Start_Receive_DMA                   0x08005641   Thumb Code   130  stm32f1xx_hal_uart.o(i.UART_Start_Receive_DMA)
    UART_Start_Receive_IT                    0x080056d1   Thumb Code    54  stm32f1xx_hal_uart.o(i.UART_Start_Receive_IT)
    USART1_IRQHandler                        0x08005779   Thumb Code    18  stm32f1xx_it.o(i.USART1_IRQHandler)
    USART3_IRQHandler                        0x08005791   Thumb Code    18  stm32f1xx_it.o(i.USART3_IRQHandler)
    Uart1_RxDataCallback                     0x080057a9   Thumb Code     4  uart_dma.o(i.Uart1_RxDataCallback)
    Uart1_TxDataCallback                     0x080057ad   Thumb Code     4  uart_dma.o(i.Uart1_TxDataCallback)
    Uart3_RxDataCallback                     0x080057b1   Thumb Code     4  uart_dma.o(i.Uart3_RxDataCallback)
    Uart3_TxDataCallback                     0x080057b5   Thumb Code     4  uart_dma.o(i.Uart3_TxDataCallback)
    UartCtrl_RxDataCallback                  0x080057b9   Thumb Code    92  user_command.o(i.UartCtrl_RxDataCallback)
    Uart_Buf_Init                            0x0800581d   Thumb Code   134  uart_dma.o(i.Uart_Buf_Init)
    Uart_RxIDLE_Handler                      0x080058ad   Thumb Code   300  uart_dma.o(i.Uart_RxIDLE_Handler)
    UltrasonicWave_Echo                      0x080059e1   Thumb Code   166  ultrasonicwave.o(i.UltrasonicWave_Echo)
    UltrasonicWave_Init                      0x08005a8d   Thumb Code    68  ultrasonicwave.o(i.UltrasonicWave_Init)
    UltrasonicWave_Menu                      0x08005ad5   Thumb Code    14  ultrasonicwave.o(i.UltrasonicWave_Menu)
    UltrasonicWave_Process                   0x08005ae9   Thumb Code   118  ultrasonicwave.o(i.UltrasonicWave_Process)
    UltrasonicWave_ShowDistance              0x08005b65   Thumb Code    88  ultrasonicwave.o(i.UltrasonicWave_ShowDistance)
    UltrasonicWave_Trig_Start                0x08005be1   Thumb Code   116  ultrasonicwave.o(i.UltrasonicWave_Trig_Start)
    UltrasonicWave_Trig_Stop                 0x08005c59   Thumb Code    92  ultrasonicwave.o(i.UltrasonicWave_Trig_Stop)
    UsageFault_Handler                       0x08005cb9   Thumb Code     2  stm32f1xx_it.o(i.UsageFault_Handler)
    UserCmdParse                             0x08005cbb   Thumb Code   134  user_command.o(i.UserCmdParse)
    UserCtrlCmdCallback                      0x08005d41   Thumb Code    26  user_command.o(i.UserCtrlCmdCallback)
    UserLEDShowProcess                       0x08005d6d   Thumb Code    78  led_show.o(i.UserLEDShowProcess)
    UserLED_Init                             0x08005dc1   Thumb Code     4  led_show.o(i.UserLED_Init)
    UserLED_Show_Menu                        0x08005dc5   Thumb Code    62  led_show.o(i.UserLED_Show_Menu)
    UserTasks                                0x08005e09   Thumb Code    34  common.o(i.UserTasks)
    __0printf                                0x08005e2d   Thumb Code    22  printfa.o(i.__0printf)
    __1printf                                0x08005e2d   Thumb Code     0  printfa.o(i.__0printf)
    __2printf                                0x08005e2d   Thumb Code     0  printfa.o(i.__0printf)
    __c89printf                              0x08005e2d   Thumb Code     0  printfa.o(i.__0printf)
    printf                                   0x08005e2d   Thumb Code     0  printfa.o(i.__0printf)
    __0sprintf                               0x08005e4d   Thumb Code    34  printfa.o(i.__0sprintf)
    __1sprintf                               0x08005e4d   Thumb Code     0  printfa.o(i.__0sprintf)
    __2sprintf                               0x08005e4d   Thumb Code     0  printfa.o(i.__0sprintf)
    __c89sprintf                             0x08005e4d   Thumb Code     0  printfa.o(i.__0sprintf)
    sprintf                                  0x08005e4d   Thumb Code     0  printfa.o(i.__0sprintf)
    __scatterload_copy                       0x08005e95   Thumb Code    14  handlers.o(i.__scatterload_copy)
    __scatterload_null                       0x08005ea3   Thumb Code     2  handlers.o(i.__scatterload_null)
    __scatterload_zeroinit                   0x08005ea5   Thumb Code    14  handlers.o(i.__scatterload_zeroinit)
    fputc                                    0x08006749   Thumb Code    20  common.o(i.fputc)
    main                                     0x08006761   Thumb Code    82  main.o(i.main)
    g_music_freq                             0x080067b4   Data          88  music.o(.constdata)
    g_music_tone                             0x0800680c   Data         200  music.o(.constdata)
    g_music_note                             0x080068d4   Data         200  music.o(.constdata)
    ASCII                                    0x0800699c   Data        1520  oled_i2c.o(.constdata)
    g_uart_port_map                          0x08006fe4   Data         288  uart_dma.o(.constdata)
    g_menu                                   0x08007104   Data         644  ctrl_menu.o(.constdata)
    g_ShowData_R                             0x08007388   Data         144  led_show.o(.constdata)
    g_ShowData_G                             0x08007418   Data         144  led_show.o(.constdata)
    g_ShowData_B                             0x080074a8   Data         144  led_show.o(.constdata)
    AHBPrescTable                            0x0800754a   Data          16  system_stm32f1xx.o(.constdata)
    APBPrescTable                            0x0800755a   Data           8  system_stm32f1xx.o(.constdata)
    Region$$Table$$Base                      0x08007564   Number         0  anon$$obj.o(Region$$Table)
    Region$$Table$$Limit                     0x08007584   Number         0  anon$$obj.o(Region$$Table)
    g_user_uart                              0x20000000   Data           4  common.o(.data)
    g_sys_timer                              0x20000004   Data           4  common.o(.data)
    g_servo_moto_test                        0x2000000c   Data           1  motor_drive.o(.data)
    g_drive_moto                             0x20000010   Data          32  motor_drive.o(.data)
    g_steer_moto                             0x20000030   Data          32  motor_drive.o(.data)
    g_music_mode                             0x20000050   Data           1  music.o(.data)
    g_music_state                            0x20000051   Data           1  music.o(.data)
    g_music_running                          0x20000052   Data           1  music.o(.data)
    g_music_timer_set                        0x20000054   Data           2  music.o(.data)
    g_music_index                            0x20000056   Data           2  music.o(.data)
    g_music_beep                             0x20000058   Data           4  music.o(.data)
    g_music_time                             0x2000005c   Data           4  music.o(.data)
    g_i2c_top_cmd                            0x20000060   Data           3  oled_i2c.o(.data)
    g_i2c_low_cmd                            0x20000063   Data           3  oled_i2c.o(.data)
    g_OLED_i2c                               0x20000068   Data           4  oled_i2c.o(.data)
    g_speed_encoder_state                    0x2000006c   Data           1  speed_encoder.o(.data)
    g_speed_encoder                          0x20000080   Data          24  speed_encoder.o(.data)
    g_car_ctrl_state                         0x20000098   Data           1  car_control.o(.data)
    g_CarPlan_Ptr                            0x2000009c   Data           4  car_control.o(.data)
    g_CarConfig                              0x200000c0   Data          12  car_control.o(.data)
    g_CarPlan_Supper                         0x200000cc   Data         128  car_control.o(.data)
    g_CarPlan_Avoid                          0x2000014c   Data         128  car_control.o(.data)
    g_menu_size                              0x200001cc   Data           1  ctrl_menu.o(.data)
    g_cur_level                              0x200001cd   Data           1  ctrl_menu.o(.data)
    g_cur_parent                             0x200001ce   Data           1  ctrl_menu.o(.data)
    g_cur_index                              0x200001cf   Data           1  ctrl_menu.o(.data)
    g_cur_level_item                         0x200001d0   Data           1  ctrl_menu.o(.data)
    g_menu_index                             0x200001d1   Data           1  ctrl_menu.o(.data)
    g_btn0_flag                              0x200001d2   Data           1  ctrl_menu.o(.data)
    g_btn1_flag                              0x200001d3   Data           1  ctrl_menu.o(.data)
    g_ultrawave_state                        0x200001d4   Data           1  ultrasonicwave.o(.data)
    g_ultrawave_pos                          0x200001d5   Data           1  ultrasonicwave.o(.data)
    g_ultra_wave_timer                       0x200001d8   Data           4  ultrasonicwave.o(.data)
    g_ultrawave_data                         0x200001dc   Data          48  ultrasonicwave.o(.data)
    g_LED_Show_state                         0x2000020c   Data           1  led_show.o(.data)
    g_LED_key_down                           0x2000020d   Data           1  led_show.o(.data)
    g_led_show_spi                           0x20000214   Data           4  led_show.o(.data)
    g_ledshow_time                           0x20000218   Data           4  led_show.o(.data)
    g_LED_CAT_RAM                            0x2000021c   Data           6  led_show.o(.data)
    g_LED_Show_RAM                           0x20000222   Data          24  led_show.o(.data)
    g_LED_MAP                                0x2000023a   Data          12  led_show.o(.data)
    g_CarCtrlCmd                             0x2000024c   Data          44  user_command.o(.data)
    uwTickFreq                               0x20000278   Data           1  stm32f1xx_hal.o(.data)
    uwTickPrio                               0x2000027c   Data           4  stm32f1xx_hal.o(.data)
    uwTick                                   0x20000280   Data           4  stm32f1xx_hal.o(.data)
    SystemCoreClock                          0x20000284   Data           4  system_stm32f1xx.o(.data)
    __stdout                                 0x20000288   Data           4  stdout.o(.data)
    g_device_uid                             0x2000028c   Data          25  common.o(.bss)
    g_uart_buf                               0x200002a8   Data        1168  uart_dma.o(.bss)
    g_CarCtrl                                0x20000738   Data          14  car_control.o(.bss)
    g_cmd_buf                                0x20000746   Data          64  user_command.o(.bss)
    hadc1                                    0x20000788   Data          48  adc.o(.bss)
    hdma_adc1                                0x200007b8   Data          68  adc.o(.bss)
    hi2c2                                    0x200007fc   Data          84  i2c.o(.bss)
    hspi1                                    0x20000850   Data          88  spi.o(.bss)
    hspi2                                    0x200008a8   Data          88  spi.o(.bss)
    htim1                                    0x20000900   Data          72  tim.o(.bss)
    htim2                                    0x20000948   Data          72  tim.o(.bss)
    htim3                                    0x20000990   Data          72  tim.o(.bss)
    htim4                                    0x200009d8   Data          72  tim.o(.bss)
    htim5                                    0x20000a20   Data          72  tim.o(.bss)
    htim6                                    0x20000a68   Data          72  tim.o(.bss)
    htim7                                    0x20000ab0   Data          72  tim.o(.bss)
    htim8                                    0x20000af8   Data          72  tim.o(.bss)
    huart1                                   0x20000b40   Data          72  usart.o(.bss)
    huart3                                   0x20000b88   Data          72  usart.o(.bss)
    hdma_usart1_rx                           0x20000bd0   Data          68  usart.o(.bss)
    hdma_usart1_tx                           0x20000c14   Data          68  usart.o(.bss)
    hdma_usart3_rx                           0x20000c58   Data          68  usart.o(.bss)
    hdma_usart3_tx                           0x20000c9c   Data          68  usart.o(.bss)
    __initial_sp                             0x200010e0   Data           0  startup_stm32f103xe.o(STACK)



==============================================================================

Memory Map of the image

  Image Entry point : 0x08000131

  Load Region LR_IROM1 (Base: 0x08000000, Size: 0x00007810, Max: 0x00040000, ABSOLUTE, COMPRESSED[0x00007668])

    Execution Region ER_IROM1 (Exec base: 0x08000000, Load base: 0x08000000, Size: 0x00007584, Max: 0x00040000, ABSOLUTE)

    Exec Addr    Load Addr    Size         Type   Attr      Idx    E Section Name        Object

    0x08000000   0x08000000   0x00000130   Data   RO            3    RESET               startup_stm32f103xe.o
    0x08000130   0x08000130   0x00000000   Code   RO         5047  * .ARM.Collect$$$$00000000  mc_w.l(entry.o)
    0x08000130   0x08000130   0x00000004   Code   RO         5343    .ARM.Collect$$$$00000001  mc_w.l(entry2.o)
    0x08000134   0x08000134   0x00000004   Code   RO         5346    .ARM.Collect$$$$00000004  mc_w.l(entry5.o)
    0x08000138   0x08000138   0x00000000   Code   RO         5348    .ARM.Collect$$$$00000008  mc_w.l(entry7b.o)
    0x08000138   0x08000138   0x00000000   Code   RO         5350    .ARM.Collect$$$$0000000A  mc_w.l(entry8b.o)
    0x08000138   0x08000138   0x00000008   Code   RO         5351    .ARM.Collect$$$$0000000B  mc_w.l(entry9a.o)
    0x08000140   0x08000140   0x00000004   Code   RO         5358    .ARM.Collect$$$$0000000E  mc_w.l(entry12b.o)
    0x08000144   0x08000144   0x00000000   Code   RO         5353    .ARM.Collect$$$$0000000F  mc_w.l(entry10a.o)
    0x08000144   0x08000144   0x00000000   Code   RO         5355    .ARM.Collect$$$$00000011  mc_w.l(entry11a.o)
    0x08000144   0x08000144   0x00000004   Code   RO         5344    .ARM.Collect$$$$00002712  mc_w.l(entry2.o)
    0x08000148   0x08000148   0x00000024   Code   RO            4    .text               startup_stm32f103xe.o
    0x0800016c   0x0800016c   0x00000020   Code   RO         5050    .text               mc_w.l(llushr.o)
    0x0800018c   0x0800018c   0x00000024   Code   RO         5054    .text               mc_w.l(memseta.o)
    0x080001b0   0x080001b0   0x0000000e   Code   RO         5056    .text               mc_w.l(strlen.o)
    0x080001be   0x080001be   0x0000002a   Code   RO         5060    .text               mc_w.l(strcasecmp.o)
    0x080001e8   0x080001e8   0x00000032   Code   RO         5062    .text               mc_w.l(strncasecmp.o)
    0x0800021a   0x0800021a   0x000000b0   Code   RO         5325    .text               mf_w.l(fadd.o)
    0x080002ca   0x080002ca   0x00000064   Code   RO         5327    .text               mf_w.l(fmul.o)
    0x0800032e   0x0800032e   0x000000de   Code   RO         5331    .text               mf_w.l(ddiv.o)
    0x0800040c   0x0800040c   0x00000012   Code   RO         5333    .text               mf_w.l(fflti.o)
    0x0800041e   0x0800041e   0x0000001a   Code   RO         5335    .text               mf_w.l(dfltui.o)
    0x08000438   0x08000438   0x00000032   Code   RO         5337    .text               mf_w.l(ffixi.o)
    0x0800046a   0x0800046a   0x0000002c   Code   RO         5360    .text               mc_w.l(uidiv.o)
    0x08000496   0x08000496   0x00000062   Code   RO         5362    .text               mc_w.l(uldiv.o)
    0x080004f8   0x080004f8   0x0000000c   Code   RO         5364    .text               mc_w.l(tolower.o)
    0x08000504   0x08000504   0x00000000   Code   RO         5366    .text               mc_w.l(iusefp.o)
    0x08000504   0x08000504   0x0000006e   Code   RO         5367    .text               mf_w.l(fepilogue.o)
    0x08000572   0x08000572   0x000000ba   Code   RO         5369    .text               mf_w.l(depilogue.o)
    0x0800062c   0x0800062c   0x0000014e   Code   RO         5371    .text               mf_w.l(dadd.o)
    0x0800077a   0x0800077a   0x000000e4   Code   RO         5373    .text               mf_w.l(dmul.o)
    0x0800085e   0x0800085e   0x00000030   Code   RO         5375    .text               mf_w.l(dfixul.o)
    0x0800088e   0x0800088e   0x00000002   PAD
    0x08000890   0x08000890   0x00000030   Code   RO         5377    .text               mf_w.l(cdrcmple.o)
    0x080008c0   0x080008c0   0x00000024   Code   RO         5379    .text               mc_w.l(init.o)
    0x080008e4   0x080008e4   0x0000001e   Code   RO         5381    .text               mc_w.l(llshl.o)
    0x08000902   0x08000902   0x00000024   Code   RO         5383    .text               mc_w.l(llsshr.o)
    0x08000926   0x08000926   0x00000056   Code   RO         5393    .text               mc_w.l(__dczerorl2.o)
    0x0800097c   0x0800097c   0x0000000c   Code   RO         1432    i.ADC1_2_IRQHandler  stm32f1xx_it.o
    0x08000988   0x08000988   0x00000056   Code   RO         1664    i.ADC_ConversionStop_Disable  stm32f1xx_hal_adc.o
    0x080009de   0x080009de   0x00000002   Code   RO         1433    i.BusFault_Handler  stm32f1xx_it.o
    0x080009e0   0x080009e0   0x00000024   Code   RO          683    i.CarCtrl_Backward  car_control.o
    0x08000a04   0x08000a04   0x00000020   Code   RO          684    i.CarCtrl_Forward   car_control.o
    0x08000a24   0x08000a24   0x0000001c   Code   RO          685    i.CarCtrl_Init      car_control.o
    0x08000a40   0x08000a40   0x00000020   Code   RO          686    i.CarCtrl_Left      car_control.o
    0x08000a60   0x08000a60   0x000000b8   Code   RO          687    i.CarCtrl_PlanSet   car_control.o
    0x08000b18   0x08000b18   0x0000002c   Code   RO          688    i.CarCtrl_Process   car_control.o
    0x08000b44   0x08000b44   0x00000024   Code   RO          689    i.CarCtrl_Right     car_control.o
    0x08000b68   0x08000b68   0x0000001c   Code   RO          691    i.CarCtrl_SpeedDown  car_control.o
    0x08000b84   0x08000b84   0x0000001c   Code   RO          692    i.CarCtrl_SpeedStop  car_control.o
    0x08000ba0   0x08000ba0   0x0000001c   Code   RO          693    i.CarCtrl_SpeedUp   car_control.o
    0x08000bbc   0x08000bbc   0x000000cc   Code   RO          694    i.CarCtrl_Speed_PID  car_control.o
    0x08000c88   0x08000c88   0x0000000c   Code   RO          695    i.CarCtrl_Start     car_control.o
    0x08000c94   0x08000c94   0x00000010   Code   RO          696    i.CarCtrl_Stop      car_control.o
    0x08000ca4   0x08000ca4   0x00000010   Code   RO          697    i.CarCtrl_Straight  car_control.o
    0x08000cb4   0x08000cb4   0x00000080   Code   RO          508    i.CheckUartRxData   uart_dma.o
    0x08000d34   0x08000d34   0x00000074   Code   RO          509    i.CheckUartTxData   uart_dma.o
    0x08000da8   0x08000da8   0x00000028   Code   RO          992    i.CheckUserCmd      user_command.o
    0x08000dd0   0x08000dd0   0x00000034   Code   RO          799    i.Ctrl_Menu_Init    ctrl_menu.o
    0x08000e04   0x08000e04   0x00000040   Code   RO          800    i.Ctrl_Menu_Item    ctrl_menu.o
    0x08000e44   0x08000e44   0x00000064   Code   RO          801    i.Ctrl_Menu_Process  ctrl_menu.o
    0x08000ea8   0x08000ea8   0x00000038   Code   RO          802    i.Ctrl_Menu_Return  ctrl_menu.o
    0x08000ee0   0x08000ee0   0x000000b0   Code   RO          803    i.Ctrl_Menu_Show    ctrl_menu.o
    0x08000f90   0x08000f90   0x0000000c   Code   RO         1434    i.DMA1_Channel1_IRQHandler  stm32f1xx_it.o
    0x08000f9c   0x08000f9c   0x0000000c   Code   RO         1435    i.DMA1_Channel2_IRQHandler  stm32f1xx_it.o
    0x08000fa8   0x08000fa8   0x0000000c   Code   RO         1436    i.DMA1_Channel3_IRQHandler  stm32f1xx_it.o
    0x08000fb4   0x08000fb4   0x0000000c   Code   RO         1437    i.DMA1_Channel4_IRQHandler  stm32f1xx_it.o
    0x08000fc0   0x08000fc0   0x0000000c   Code   RO         1438    i.DMA1_Channel5_IRQHandler  stm32f1xx_it.o
    0x08000fcc   0x08000fcc   0x0000002a   Code   RO         2320    i.DMA_SetConfig     stm32f1xx_hal_dma.o
    0x08000ff6   0x08000ff6   0x00000002   Code   RO         1439    i.DebugMon_Handler  stm32f1xx_it.o
    0x08000ff8   0x08000ff8   0x0000008c   Code   RO          248    i.Drive_Moto_Ctrl   motor_drive.o
    0x08001084   0x08001084   0x000001f8   Code   RO          249    i.Drive_Moto_Init   motor_drive.o
    0x0800127c   0x0800127c   0x00000008   Code   RO         1440    i.EXTI15_10_IRQHandler  stm32f1xx_it.o
    0x08001284   0x08001284   0x00000006   Code   RO         1441    i.EXTI1_IRQHandler  stm32f1xx_it.o
    0x0800128a   0x0800128a   0x00000006   Code   RO         1442    i.EXTI2_IRQHandler  stm32f1xx_it.o
    0x08001290   0x08001290   0x00000006   Code   RO         1443    i.EXTI3_IRQHandler  stm32f1xx_it.o
    0x08001296   0x08001296   0x00000006   Code   RO         1444    i.EXTI9_5_IRQHandler  stm32f1xx_it.o
    0x0800129c   0x0800129c   0x00000004   Code   RO         1047    i.Error_Handler     main.o
    0x080012a0   0x080012a0   0x000000f8   Code   RO           13    i.GetUniqueID       common.o
    0x08001398   0x08001398   0x00000002   Code   RO         1846    i.HAL_ADCEx_InjectedConvCpltCallback  stm32f1xx_hal_adc_ex.o
    0x0800139a   0x0800139a   0x00000002   PAD
    0x0800139c   0x0800139c   0x000000fc   Code   RO         1670    i.HAL_ADC_ConfigChannel  stm32f1xx_hal_adc.o
    0x08001498   0x08001498   0x00000002   Code   RO         1671    i.HAL_ADC_ConvCpltCallback  stm32f1xx_hal_adc.o
    0x0800149a   0x0800149a   0x000000dc   Code   RO         1678    i.HAL_ADC_IRQHandler  stm32f1xx_hal_adc.o
    0x08001576   0x08001576   0x00000002   PAD
    0x08001578   0x08001578   0x00000120   Code   RO         1679    i.HAL_ADC_Init      stm32f1xx_hal_adc.o
    0x08001698   0x08001698   0x00000002   Code   RO         1680    i.HAL_ADC_LevelOutOfWindowCallback  stm32f1xx_hal_adc.o
    0x0800169a   0x0800169a   0x00000002   PAD
    0x0800169c   0x0800169c   0x0000009c   Code   RO         1115    i.HAL_ADC_MspInit   adc.o
    0x08001738   0x08001738   0x00000046   Code   RO         2321    i.HAL_DMA_Abort     stm32f1xx_hal_dma.o
    0x0800177e   0x0800177e   0x00000002   PAD
    0x08001780   0x08001780   0x00000130   Code   RO         2322    i.HAL_DMA_Abort_IT  stm32f1xx_hal_dma.o
    0x080018b0   0x080018b0   0x00000248   Code   RO         2326    i.HAL_DMA_IRQHandler  stm32f1xx_hal_dma.o
    0x08001af8   0x08001af8   0x0000007c   Code   RO         2327    i.HAL_DMA_Init      stm32f1xx_hal_dma.o
    0x08001b74   0x08001b74   0x00000070   Code   RO         2331    i.HAL_DMA_Start_IT  stm32f1xx_hal_dma.o
    0x08001be4   0x08001be4   0x00000030   Code   RO           14    i.HAL_GPIO_EXTI_Callback  common.o
    0x08001c14   0x08001c14   0x00000018   Code   RO         2256    i.HAL_GPIO_EXTI_IRQHandler  stm32f1xx_hal_gpio.o
    0x08001c2c   0x08001c2c   0x000001f8   Code   RO         2257    i.HAL_GPIO_Init     stm32f1xx_hal_gpio.o
    0x08001e24   0x08001e24   0x0000000a   Code   RO         2259    i.HAL_GPIO_ReadPin  stm32f1xx_hal_gpio.o
    0x08001e2e   0x08001e2e   0x0000000a   Code   RO         2261    i.HAL_GPIO_WritePin  stm32f1xx_hal_gpio.o
    0x08001e38   0x08001e38   0x0000000c   Code   RO         1951    i.HAL_GetTick       stm32f1xx_hal.o
    0x08001e44   0x08001e44   0x00000188   Code   RO         2928    i.HAL_I2C_Init      stm32f1xx_hal_i2c.o
    0x08001fcc   0x08001fcc   0x00000130   Code   RO         2949    i.HAL_I2C_Mem_Write  stm32f1xx_hal_i2c.o
    0x080020fc   0x080020fc   0x00000060   Code   RO         1181    i.HAL_I2C_MspInit   i2c.o
    0x0800215c   0x0800215c   0x00000010   Code   RO         1957    i.HAL_IncTick       stm32f1xx_hal.o
    0x0800216c   0x0800216c   0x00000024   Code   RO         1958    i.HAL_Init          stm32f1xx_hal.o
    0x08002190   0x08002190   0x00000040   Code   RO         1959    i.HAL_InitTick      stm32f1xx_hal.o
    0x080021d0   0x080021d0   0x0000003c   Code   RO         1604    i.HAL_MspInit       stm32f1xx_hal_msp.o
    0x0800220c   0x0800220c   0x00000022   Code   RO         2416    i.HAL_NVIC_DisableIRQ  stm32f1xx_hal_cortex.o
    0x0800222e   0x0800222e   0x0000001a   Code   RO         2417    i.HAL_NVIC_EnableIRQ  stm32f1xx_hal_cortex.o
    0x08002248   0x08002248   0x00000040   Code   RO         2423    i.HAL_NVIC_SetPriority  stm32f1xx_hal_cortex.o
    0x08002288   0x08002288   0x00000024   Code   RO         2424    i.HAL_NVIC_SetPriorityGrouping  stm32f1xx_hal_cortex.o
    0x080022ac   0x080022ac   0x000000ec   Code   RO         2219    i.HAL_RCCEx_PeriphCLKConfig  stm32f1xx_hal_rcc_ex.o
    0x08002398   0x08002398   0x0000012c   Code   RO         2115    i.HAL_RCC_ClockConfig  stm32f1xx_hal_rcc.o
    0x080024c4   0x080024c4   0x00000020   Code   RO         2122    i.HAL_RCC_GetPCLK1Freq  stm32f1xx_hal_rcc.o
    0x080024e4   0x080024e4   0x00000020   Code   RO         2123    i.HAL_RCC_GetPCLK2Freq  stm32f1xx_hal_rcc.o
    0x08002504   0x08002504   0x0000004c   Code   RO         2124    i.HAL_RCC_GetSysClockFreq  stm32f1xx_hal_rcc.o
    0x08002550   0x08002550   0x00000320   Code   RO         2127    i.HAL_RCC_OscConfig  stm32f1xx_hal_rcc.o
    0x08002870   0x08002870   0x000000b2   Code   RO         3365    i.HAL_SPI_Init      stm32f1xx_hal_spi.o
    0x08002922   0x08002922   0x00000002   PAD
    0x08002924   0x08002924   0x000000b0   Code   RO         1223    i.HAL_SPI_MspInit   spi.o
    0x080029d4   0x080029d4   0x00000166   Code   RO         3373    i.HAL_SPI_Transmit  stm32f1xx_hal_spi.o
    0x08002b3a   0x08002b3a   0x00000028   Code   RO         2428    i.HAL_SYSTICK_Config  stm32f1xx_hal_cortex.o
    0x08002b62   0x08002b62   0x00000002   Code   RO         4382    i.HAL_TIMEx_BreakCallback  stm32f1xx_hal_tim_ex.o
    0x08002b64   0x08002b64   0x00000002   Code   RO         4383    i.HAL_TIMEx_CommutCallback  stm32f1xx_hal_tim_ex.o
    0x08002b66   0x08002b66   0x00000054   Code   RO         4385    i.HAL_TIMEx_ConfigBreakDeadTime  stm32f1xx_hal_tim_ex.o
    0x08002bba   0x08002bba   0x00000002   PAD
    0x08002bbc   0x08002bbc   0x0000007c   Code   RO         4401    i.HAL_TIMEx_MasterConfigSynchronization  stm32f1xx_hal_tim_ex.o
    0x08002c38   0x08002c38   0x0000005a   Code   RO         3678    i.HAL_TIM_Base_Init  stm32f1xx_hal_tim.o
    0x08002c92   0x08002c92   0x00000002   PAD
    0x08002c94   0x08002c94   0x000000bc   Code   RO         1271    i.HAL_TIM_Base_MspInit  tim.o
    0x08002d50   0x08002d50   0x0000006c   Code   RO         3683    i.HAL_TIM_Base_Start_IT  stm32f1xx_hal_tim.o
    0x08002dbc   0x08002dbc   0x00000030   Code   RO         3686    i.HAL_TIM_Base_Stop_IT  stm32f1xx_hal_tim.o
    0x08002dec   0x08002dec   0x000000dc   Code   RO         3687    i.HAL_TIM_ConfigClockSource  stm32f1xx_hal_tim.o
    0x08002ec8   0x08002ec8   0x000000a4   Code   RO         3699    i.HAL_TIM_Encoder_Init  stm32f1xx_hal_tim.o
    0x08002f6c   0x08002f6c   0x000000a8   Code   RO         1273    i.HAL_TIM_Encoder_MspInit  tim.o
    0x08003014   0x08003014   0x0000008e   Code   RO         3702    i.HAL_TIM_Encoder_Start  stm32f1xx_hal_tim.o
    0x080030a2   0x080030a2   0x00000002   Code   RO         3712    i.HAL_TIM_IC_CaptureCallback  stm32f1xx_hal_tim.o
    0x080030a4   0x080030a4   0x00000130   Code   RO         3726    i.HAL_TIM_IRQHandler  stm32f1xx_hal_tim.o
    0x080031d4   0x080031d4   0x000000b8   Code   RO         1274    i.HAL_TIM_MspPostInit  tim.o
    0x0800328c   0x0800328c   0x00000002   Code   RO         3729    i.HAL_TIM_OC_DelayElapsedCallback  stm32f1xx_hal_tim.o
    0x0800328e   0x0800328e   0x000000cc   Code   RO         3750    i.HAL_TIM_PWM_ConfigChannel  stm32f1xx_hal_tim.o
    0x0800335a   0x0800335a   0x0000005a   Code   RO         3753    i.HAL_TIM_PWM_Init  stm32f1xx_hal_tim.o
    0x080033b4   0x080033b4   0x00000028   Code   RO         1276    i.HAL_TIM_PWM_MspInit  tim.o
    0x080033dc   0x080033dc   0x00000002   Code   RO         3756    i.HAL_TIM_PWM_PulseFinishedCallback  stm32f1xx_hal_tim.o
    0x080033de   0x080033de   0x00000002   PAD
    0x080033e0   0x080033e0   0x000000b4   Code   RO         3758    i.HAL_TIM_PWM_Start  stm32f1xx_hal_tim.o
    0x08003494   0x08003494   0x0000007c   Code   RO         3761    i.HAL_TIM_PWM_Stop  stm32f1xx_hal_tim.o
    0x08003510   0x08003510   0x00000094   Code   RO           15    i.HAL_TIM_PeriodElapsedCallback  common.o
    0x080035a4   0x080035a4   0x00000002   Code   RO         3769    i.HAL_TIM_TriggerCallback  stm32f1xx_hal_tim.o
    0x080035a6   0x080035a6   0x00000002   Code   RO         4661    i.HAL_UARTEx_RxEventCallback  stm32f1xx_hal_uart.o
    0x080035a8   0x080035a8   0x00000034   Code   RO          510    i.HAL_UART_DMAStopRx  uart_dma.o
    0x080035dc   0x080035dc   0x0000001c   Code   RO          511    i.HAL_UART_EndRxTransfer_IT  uart_dma.o
    0x080035f8   0x080035f8   0x00000002   Code   RO          512    i.HAL_UART_ErrorCallback  uart_dma.o
    0x080035fa   0x080035fa   0x00000002   PAD
    0x080035fc   0x080035fc   0x0000026c   Code   RO         4678    i.HAL_UART_IRQHandler  stm32f1xx_hal_uart.o
    0x08003868   0x08003868   0x00000064   Code   RO         4679    i.HAL_UART_Init     stm32f1xx_hal_uart.o
    0x080038cc   0x080038cc   0x000001a8   Code   RO         1385    i.HAL_UART_MspInit  usart.o
    0x08003a74   0x08003a74   0x0000001c   Code   RO         4683    i.HAL_UART_Receive_DMA  stm32f1xx_hal_uart.o
    0x08003a90   0x08003a90   0x0000001c   Code   RO         4684    i.HAL_UART_Receive_IT  stm32f1xx_hal_uart.o
    0x08003aac   0x08003aac   0x000000bc   Code   RO          513    i.HAL_UART_RxCpltCallback  uart_dma.o
    0x08003b68   0x08003b68   0x00000002   Code   RO         4686    i.HAL_UART_RxHalfCpltCallback  stm32f1xx_hal_uart.o
    0x08003b6a   0x08003b6a   0x000000a0   Code   RO         4687    i.HAL_UART_Transmit  stm32f1xx_hal_uart.o
    0x08003c0a   0x08003c0a   0x00000002   PAD
    0x08003c0c   0x08003c0c   0x00000078   Code   RO         4688    i.HAL_UART_Transmit_DMA  stm32f1xx_hal_uart.o
    0x08003c84   0x08003c84   0x0000007c   Code   RO          514    i.HAL_UART_TxCpltCallback  uart_dma.o
    0x08003d00   0x08003d00   0x00000002   Code   RO         4691    i.HAL_UART_TxHalfCpltCallback  stm32f1xx_hal_uart.o
    0x08003d02   0x08003d02   0x00000002   Code   RO         1445    i.HardFault_Handler  stm32f1xx_it.o
    0x08003d04   0x08003d04   0x0000002e   Code   RO         2971    i.I2C_IsAcknowledgeFailed  stm32f1xx_hal_i2c.o
    0x08003d32   0x08003d32   0x00000002   PAD
    0x08003d34   0x08003d34   0x000000a8   Code   RO         2982    i.I2C_RequestMemoryWrite  stm32f1xx_hal_i2c.o
    0x08003ddc   0x08003ddc   0x00000056   Code   RO         2986    i.I2C_WaitOnBTFFlagUntilTimeout  stm32f1xx_hal_i2c.o
    0x08003e32   0x08003e32   0x00000002   PAD
    0x08003e34   0x08003e34   0x00000090   Code   RO         2987    i.I2C_WaitOnFlagUntilTimeout  stm32f1xx_hal_i2c.o
    0x08003ec4   0x08003ec4   0x000000bc   Code   RO         2988    i.I2C_WaitOnMasterAddressFlagUntilTimeout  stm32f1xx_hal_i2c.o
    0x08003f80   0x08003f80   0x00000056   Code   RO         2990    i.I2C_WaitOnTXEFlagUntilTimeout  stm32f1xx_hal_i2c.o
    0x08003fd6   0x08003fd6   0x00000002   PAD
    0x08003fd8   0x08003fd8   0x000000bc   Code   RO          920    i.LEDSHOW           led_show.o
    0x08004094   0x08004094   0x00000018   Code   RO          921    i.LED_Clear         led_show.o
    0x080040ac   0x080040ac   0x00000078   Code   RO          923    i.LED_Loop1         led_show.o
    0x08004124   0x08004124   0x00000050   Code   RO         1116    i.MX_ADC1_Init      adc.o
    0x08004174   0x08004174   0x0000006c   Code   RO         1156    i.MX_DMA_Init       dma.o
    0x080041e0   0x080041e0   0x000001a8   Code   RO         1090    i.MX_GPIO_Init      gpio.o
    0x08004388   0x08004388   0x00000040   Code   RO         1182    i.MX_I2C2_Init      i2c.o
    0x080043c8   0x080043c8   0x00000048   Code   RO         1224    i.MX_SPI1_Init      spi.o
    0x08004410   0x08004410   0x00000044   Code   RO         1225    i.MX_SPI2_Init      spi.o
    0x08004454   0x08004454   0x000000a0   Code   RO         1277    i.MX_TIM1_Init      tim.o
    0x080044f4   0x080044f4   0x000000b4   Code   RO         1278    i.MX_TIM2_Init      tim.o
    0x080045a8   0x080045a8   0x0000006c   Code   RO         1279    i.MX_TIM3_Init      tim.o
    0x08004614   0x08004614   0x000000a8   Code   RO         1280    i.MX_TIM4_Init      tim.o
    0x080046bc   0x080046bc   0x00000064   Code   RO         1281    i.MX_TIM5_Init      tim.o
    0x08004720   0x08004720   0x00000044   Code   RO         1282    i.MX_TIM6_Init      tim.o
    0x08004764   0x08004764   0x00000044   Code   RO         1283    i.MX_TIM7_Init      tim.o
    0x080047a8   0x080047a8   0x0000006c   Code   RO         1284    i.MX_TIM8_Init      tim.o
    0x08004814   0x08004814   0x00000038   Code   RO         1386    i.MX_USART1_UART_Init  usart.o
    0x0800484c   0x0800484c   0x00000038   Code   RO         1387    i.MX_USART3_UART_Init  usart.o
    0x08004884   0x08004884   0x00000002   Code   RO         1446    i.MemManage_Handler  stm32f1xx_it.o
    0x08004886   0x08004886   0x00000002   PAD
    0x08004888   0x08004888   0x00000080   Code   RO          250    i.Moto_Ctrl_Init    motor_drive.o
    0x08004908   0x08004908   0x000000d8   Code   RO          320    i.MusicProcess      music.o
    0x080049e0   0x080049e0   0x00000010   Code   RO          321    i.Music_Menu_Off    music.o
    0x080049f0   0x080049f0   0x00000010   Code   RO          322    i.Music_Menu_On     music.o
    0x08004a00   0x08004a00   0x00000002   Code   RO         1447    i.NMI_Handler       stm32f1xx_it.o
    0x08004a02   0x08004a02   0x00000002   PAD
    0x08004a04   0x08004a04   0x0000009c   Code   RO          369    i.OLED_ShowAscii    oled_i2c.o
    0x08004aa0   0x08004aa0   0x00000022   Code   RO          371    i.OLED_address      oled_i2c.o
    0x08004ac2   0x08004ac2   0x00000028   Code   RO          373    i.OLED_clear        oled_i2c.o
    0x08004aea   0x08004aea   0x00000002   PAD
    0x08004aec   0x08004aec   0x00000024   Code   RO          374    i.OLED_command      oled_i2c.o
    0x08004b10   0x08004b10   0x00000034   Code   RO          375    i.OLED_data         oled_i2c.o
    0x08004b44   0x08004b44   0x00000090   Code   RO          376    i.OLED_init         oled_i2c.o
    0x08004bd4   0x08004bd4   0x00000002   Code   RO         1448    i.PendSV_Handler    stm32f1xx_it.o
    0x08004bd6   0x08004bd6   0x00000034   Code   RO         3403    i.SPI_EndRxTxTransaction  stm32f1xx_hal_spi.o
    0x08004c0a   0x08004c0a   0x00000002   PAD
    0x08004c0c   0x08004c0c   0x000000b8   Code   RO         3408    i.SPI_WaitFlagStateUntilTimeout  stm32f1xx_hal_spi.o
    0x08004cc4   0x08004cc4   0x00000002   Code   RO         1449    i.SVC_Handler       stm32f1xx_it.o
    0x08004cc6   0x08004cc6   0x00000002   PAD
    0x08004cc8   0x08004cc8   0x00000028   Code   RO           16    i.Show_Unique_ID    common.o
    0x08004cf0   0x08004cf0   0x00000030   Code   RO          454    i.Speed_Calculate   speed_encoder.o
    0x08004d20   0x08004d20   0x0000002c   Code   RO          455    i.Speed_Encoder_Init  speed_encoder.o
    0x08004d4c   0x08004d4c   0x00000038   Code   RO          456    i.Speed_Encoder_Update  speed_encoder.o
    0x08004d84   0x08004d84   0x00000012   Code   RO          515    i.StartAllUartDMAReceive  uart_dma.o
    0x08004d96   0x08004d96   0x00000002   PAD
    0x08004d98   0x08004d98   0x00000024   Code   RO          516    i.StartUartByIndex  uart_dma.o
    0x08004dbc   0x08004dbc   0x00000050   Code   RO          251    i.Steer_Moto_Ctrl   motor_drive.o
    0x08004e0c   0x08004e0c   0x00000138   Code   RO          252    i.Steer_Moto_Init   motor_drive.o
    0x08004f44   0x08004f44   0x00000004   Code   RO         1450    i.SysTick_Handler   stm32f1xx_it.o
    0x08004f48   0x08004f48   0x0000007a   Code   RO         1048    i.SystemClock_Config  main.o
    0x08004fc2   0x08004fc2   0x00000002   Code   RO         5013    i.SystemInit        system_stm32f1xx.o
    0x08004fc4   0x08004fc4   0x00000040   Code   RO           17    i.System_Init       common.o
    0x08005004   0x08005004   0x00000030   Code   RO           18    i.System_Timer_Start  common.o
    0x08005034   0x08005034   0x0000000c   Code   RO         1451    i.TIM5_IRQHandler   stm32f1xx_it.o
    0x08005040   0x08005040   0x0000000c   Code   RO         1452    i.TIM6_IRQHandler   stm32f1xx_it.o
    0x0800504c   0x0800504c   0x0000000c   Code   RO         1453    i.TIM7_IRQHandler   stm32f1xx_it.o
    0x08005058   0x08005058   0x0000009c   Code   RO         3771    i.TIM_Base_SetConfig  stm32f1xx_hal_tim.o
    0x080050f4   0x080050f4   0x0000001a   Code   RO         3772    i.TIM_CCxChannelCmd  stm32f1xx_hal_tim.o
    0x0800510e   0x0800510e   0x00000014   Code   RO         3782    i.TIM_ETR_SetConfig  stm32f1xx_hal_tim.o
    0x08005122   0x08005122   0x00000010   Code   RO         3783    i.TIM_ITRx_SetConfig  stm32f1xx_hal_tim.o
    0x08005132   0x08005132   0x00000002   PAD
    0x08005134   0x08005134   0x00000060   Code   RO         3784    i.TIM_OC1_SetConfig  stm32f1xx_hal_tim.o
    0x08005194   0x08005194   0x0000006c   Code   RO         3785    i.TIM_OC2_SetConfig  stm32f1xx_hal_tim.o
    0x08005200   0x08005200   0x00000068   Code   RO         3786    i.TIM_OC3_SetConfig  stm32f1xx_hal_tim.o
    0x08005268   0x08005268   0x00000050   Code   RO         3787    i.TIM_OC4_SetConfig  stm32f1xx_hal_tim.o
    0x080052b8   0x080052b8   0x00000022   Code   RO         3789    i.TIM_TI1_ConfigInputStage  stm32f1xx_hal_tim.o
    0x080052da   0x080052da   0x00000024   Code   RO         3791    i.TIM_TI2_ConfigInputStage  stm32f1xx_hal_tim.o
    0x080052fe   0x080052fe   0x00000012   Code   RO          519    i.TxRxDataCallback  uart_dma.o
    0x08005310   0x08005310   0x00000010   Code   RO         4692    i.UART_DMAAbortOnError  stm32f1xx_hal_uart.o
    0x08005320   0x08005320   0x0000004a   Code   RO         4693    i.UART_DMAError     stm32f1xx_hal_uart.o
    0x0800536a   0x0800536a   0x00000086   Code   RO         4694    i.UART_DMAReceiveCplt  stm32f1xx_hal_uart.o
    0x080053f0   0x080053f0   0x0000001e   Code   RO         4696    i.UART_DMARxHalfCplt  stm32f1xx_hal_uart.o
    0x0800540e   0x0800540e   0x00000042   Code   RO         4698    i.UART_DMATransmitCplt  stm32f1xx_hal_uart.o
    0x08005450   0x08005450   0x0000000a   Code   RO         4700    i.UART_DMATxHalfCplt  stm32f1xx_hal_uart.o
    0x0800545a   0x0800545a   0x0000004e   Code   RO         4702    i.UART_EndRxTransfer  stm32f1xx_hal_uart.o
    0x080054a8   0x080054a8   0x0000001c   Code   RO         4703    i.UART_EndTxTransfer  stm32f1xx_hal_uart.o
    0x080054c4   0x080054c4   0x000000c2   Code   RO         4704    i.UART_Receive_IT   stm32f1xx_hal_uart.o
    0x08005586   0x08005586   0x00000002   PAD
    0x08005588   0x08005588   0x000000b8   Code   RO         4705    i.UART_SetConfig    stm32f1xx_hal_uart.o
    0x08005640   0x08005640   0x00000090   Code   RO         4706    i.UART_Start_Receive_DMA  stm32f1xx_hal_uart.o
    0x080056d0   0x080056d0   0x00000036   Code   RO         4707    i.UART_Start_Receive_IT  stm32f1xx_hal_uart.o
    0x08005706   0x08005706   0x00000072   Code   RO         4708    i.UART_WaitOnFlagUntilTimeout  stm32f1xx_hal_uart.o
    0x08005778   0x08005778   0x00000018   Code   RO         1454    i.USART1_IRQHandler  stm32f1xx_it.o
    0x08005790   0x08005790   0x00000018   Code   RO         1455    i.USART3_IRQHandler  stm32f1xx_it.o
    0x080057a8   0x080057a8   0x00000004   Code   RO          520    i.Uart1_RxDataCallback  uart_dma.o
    0x080057ac   0x080057ac   0x00000004   Code   RO          521    i.Uart1_TxDataCallback  uart_dma.o
    0x080057b0   0x080057b0   0x00000004   Code   RO          524    i.Uart3_RxDataCallback  uart_dma.o
    0x080057b4   0x080057b4   0x00000004   Code   RO          525    i.Uart3_TxDataCallback  uart_dma.o
    0x080057b8   0x080057b8   0x00000064   Code   RO          993    i.UartCtrl_RxDataCallback  user_command.o
    0x0800581c   0x0800581c   0x00000090   Code   RO          528    i.Uart_Buf_Init     uart_dma.o
    0x080058ac   0x080058ac   0x00000134   Code   RO          530    i.Uart_RxIDLE_Handler  uart_dma.o
    0x080059e0   0x080059e0   0x000000ac   Code   RO          854    i.UltrasonicWave_Echo  ultrasonicwave.o
    0x08005a8c   0x08005a8c   0x00000048   Code   RO          855    i.UltrasonicWave_Init  ultrasonicwave.o
    0x08005ad4   0x08005ad4   0x00000014   Code   RO          856    i.UltrasonicWave_Menu  ultrasonicwave.o
    0x08005ae8   0x08005ae8   0x0000007c   Code   RO          857    i.UltrasonicWave_Process  ultrasonicwave.o
    0x08005b64   0x08005b64   0x0000007c   Code   RO          858    i.UltrasonicWave_ShowDistance  ultrasonicwave.o
    0x08005be0   0x08005be0   0x00000078   Code   RO          859    i.UltrasonicWave_Trig_Start  ultrasonicwave.o
    0x08005c58   0x08005c58   0x00000060   Code   RO          860    i.UltrasonicWave_Trig_Stop  ultrasonicwave.o
    0x08005cb8   0x08005cb8   0x00000002   Code   RO         1456    i.UsageFault_Handler  stm32f1xx_it.o
    0x08005cba   0x08005cba   0x00000086   Code   RO          995    i.UserCmdParse      user_command.o
    0x08005d40   0x08005d40   0x0000002c   Code   RO          996    i.UserCtrlCmdCallback  user_command.o
    0x08005d6c   0x08005d6c   0x00000054   Code   RO          924    i.UserLEDShowProcess  led_show.o
    0x08005dc0   0x08005dc0   0x00000004   Code   RO          925    i.UserLED_Init      led_show.o
    0x08005dc4   0x08005dc4   0x00000044   Code   RO          926    i.UserLED_Show_Menu  led_show.o
    0x08005e08   0x08005e08   0x00000022   Code   RO           19    i.UserTasks         common.o
    0x08005e2a   0x08005e2a   0x00000002   PAD
    0x08005e2c   0x08005e2c   0x00000020   Code   RO         5297    i.__0printf         mc_w.l(printfa.o)
    0x08005e4c   0x08005e4c   0x00000028   Code   RO         5299    i.__0sprintf        mc_w.l(printfa.o)
    0x08005e74   0x08005e74   0x00000020   Code   RO         2430    i.__NVIC_SetPriority  stm32f1xx_hal_cortex.o
    0x08005e94   0x08005e94   0x0000000e   Code   RO         5387    i.__scatterload_copy  mc_w.l(handlers.o)
    0x08005ea2   0x08005ea2   0x00000002   Code   RO         5388    i.__scatterload_null  mc_w.l(handlers.o)
    0x08005ea4   0x08005ea4   0x0000000e   Code   RO         5389    i.__scatterload_zeroinit  mc_w.l(handlers.o)
    0x08005eb2   0x08005eb2   0x00000002   PAD
    0x08005eb4   0x08005eb4   0x00000184   Code   RO         5304    i._fp_digits        mc_w.l(printfa.o)
    0x08006038   0x08006038   0x000006b4   Code   RO         5305    i._printf_core      mc_w.l(printfa.o)
    0x080066ec   0x080066ec   0x00000024   Code   RO         5306    i._printf_post_padding  mc_w.l(printfa.o)
    0x08006710   0x08006710   0x0000002e   Code   RO         5307    i._printf_pre_padding  mc_w.l(printfa.o)
    0x0800673e   0x0800673e   0x0000000a   Code   RO         5309    i._sputc            mc_w.l(printfa.o)
    0x08006748   0x08006748   0x00000018   Code   RO           20    i.fputc             common.o
    0x08006760   0x08006760   0x00000052   Code   RO         1049    i.main              main.o
    0x080067b2   0x080067b2   0x00000002   PAD
    0x080067b4   0x080067b4   0x000001e8   Data   RO          325    .constdata          music.o
    0x0800699c   0x0800699c   0x00000647   Data   RO          378    .constdata          oled_i2c.o
    0x08006fe3   0x08006fe3   0x00000001   PAD
    0x08006fe4   0x08006fe4   0x00000120   Data   RO          532    .constdata          uart_dma.o
    0x08007104   0x08007104   0x00000284   Data   RO          804    .constdata          ctrl_menu.o
    0x08007388   0x08007388   0x000001b0   Data   RO          927    .constdata          led_show.o
    0x08007538   0x08007538   0x00000012   Data   RO         2128    .constdata          stm32f1xx_hal_rcc.o
    0x0800754a   0x0800754a   0x00000010   Data   RO         5014    .constdata          system_stm32f1xx.o
    0x0800755a   0x0800755a   0x00000008   Data   RO         5015    .constdata          system_stm32f1xx.o
    0x08007562   0x08007562   0x00000002   PAD
    0x08007564   0x08007564   0x00000020   Data   RO         5385    Region$$Table       anon$$obj.o


    Execution Region RW_IRAM1 (Exec base: 0x20000000, Load base: 0x08007584, Size: 0x000010e0, Max: 0x0000c000, ABSOLUTE, COMPRESSED[0x000000e4])

    Exec Addr    Load Addr    Size         Type   Attr      Idx    E Section Name        Object

    0x20000000   COMPRESSED   0x0000000c   Data   RW           22    .data               common.o
    0x2000000c   COMPRESSED   0x00000044   Data   RW          255    .data               motor_drive.o
    0x20000050   COMPRESSED   0x00000010   Data   RW          326    .data               music.o
    0x20000060   COMPRESSED   0x0000000c   Data   RW          379    .data               oled_i2c.o
    0x2000006c   COMPRESSED   0x0000002c   Data   RW          459    .data               speed_encoder.o
    0x20000098   COMPRESSED   0x00000134   Data   RW          699    .data               car_control.o
    0x200001cc   COMPRESSED   0x00000008   Data   RW          805    .data               ctrl_menu.o
    0x200001d4   COMPRESSED   0x00000038   Data   RW          861    .data               ultrasonicwave.o
    0x2000020c   COMPRESSED   0x0000003a   Data   RW          928    .data               led_show.o
    0x20000246   COMPRESSED   0x00000002   PAD
    0x20000248   COMPRESSED   0x00000030   Data   RW          998    .data               user_command.o
    0x20000278   COMPRESSED   0x0000000c   Data   RW         1965    .data               stm32f1xx_hal.o
    0x20000284   COMPRESSED   0x00000004   Data   RW         5016    .data               system_stm32f1xx.o
    0x20000288   COMPRESSED   0x00000004   Data   RW         5359    .data               mc_w.l(stdout.o)
    0x2000028c        -       0x00000019   Zero   RW           21    .bss                common.o
    0x200002a5   COMPRESSED   0x00000003   PAD
    0x200002a8        -       0x00000490   Zero   RW          531    .bss                uart_dma.o
    0x20000738        -       0x0000000e   Zero   RW          698    .bss                car_control.o
    0x20000746        -       0x00000040   Zero   RW          997    .bss                user_command.o
    0x20000786   COMPRESSED   0x00000002   PAD
    0x20000788        -       0x00000074   Zero   RW         1117    .bss                adc.o
    0x200007fc        -       0x00000054   Zero   RW         1183    .bss                i2c.o
    0x20000850        -       0x000000b0   Zero   RW         1226    .bss                spi.o
    0x20000900        -       0x00000240   Zero   RW         1285    .bss                tim.o
    0x20000b40        -       0x000001a0   Zero   RW         1388    .bss                usart.o
    0x20000ce0        -       0x00000400   Zero   RW            1    STACK               startup_stm32f103xe.o


==============================================================================

Image component sizes


      Code (inc. data)   RO Data    RW Data    ZI Data      Debug   Object Name

       236         28          0          0        116       1747   adc.o
       724         90          0        308         14       9765   car_control.o
       654        134          0         12         25     530304   common.o
       448         64        644          8          0       4370   ctrl_menu.o
       108          4          0          0          0        786   dma.o
       424         28          0          0          0       1083   gpio.o
       160         28          0          0         84       1625   i2c.o
       488         36        432         58          0       5602   led_show.o
       208          0          0          0          0       2028   main.o
      1164         88          0         68          0       6246   motor_drive.o
       248         16        488         16          0       2877   music.o
       462         14       1607         12          0       4541   oled_i2c.o
       148         22          0         44          0       3591   speed_encoder.o
       316         40          0          0        176       2298   spi.o
        36          8        304          0       1024        800   startup_stm32f103xe.o
       128         24          0         12          0       5893   stm32f1xx_hal.o
       850         28          0          0          0       5235   stm32f1xx_hal_adc.o
         2          0          0          0          0       1053   stm32f1xx_hal_adc_ex.o
       232         14          0          0          0      29601   stm32f1xx_hal_cortex.o
      1236         52          0          0          0       5110   stm32f1xx_hal_dma.o
       548         48          0          0          0       4118   stm32f1xx_hal_gpio.o
      1414         32          0          0          0       9367   stm32f1xx_hal_i2c.o
        60          8          0          0          0        866   stm32f1xx_hal_msp.o
      1240         84         18          0          0       5112   stm32f1xx_hal_rcc.o
       236         12          0          0          0       1380   stm32f1xx_hal_rcc_ex.o
       772          4          0          0          0       4338   stm32f1xx_hal_spi.o
      2358        108          0          0          0      19025   stm32f1xx_hal_tim.o
       212         20          0          0          0       3189   stm32f1xx_hal_tim_ex.o
      2188         38          0          0          0      16945   stm32f1xx_hal_uart.o
       208         66          0          0          0      10952   stm32f1xx_it.o
         2          0         24          4          0       1115   system_stm32f1xx.o
      1540        152          0          0        576       8355   tim.o
      1178         76        288          0       1168      12315   uart_dma.o
       728         66          0         56          0       5460   ultrasonicwave.o
       536         50          0          0        416       2743   usart.o
       318         32          0         48         64       4271   user_command.o

    ----------------------------------------------------------------------
     21856       1514       3840        648       3668     734106   Object Totals
         0          0         32          0          0          0   (incl. Generated)
        46          0          3          2          5          0   (incl. Padding)

    ----------------------------------------------------------------------

      Code (inc. data)   RO Data    RW Data    ZI Data      Debug   Library Member Name

        86          0          0          0          0          0   __dczerorl2.o
         0          0          0          0          0          0   entry.o
         0          0          0          0          0          0   entry10a.o
         0          0          0          0          0          0   entry11a.o
         4          0          0          0          0          0   entry12b.o
         8          4          0          0          0          0   entry2.o
         4          0          0          0          0          0   entry5.o
         0          0          0          0          0          0   entry7b.o
         0          0          0          0          0          0   entry8b.o
         8          4          0          0          0          0   entry9a.o
        30          0          0          0          0          0   handlers.o
        36          8          0          0          0         68   init.o
         0          0          0          0          0          0   iusefp.o
        30          0          0          0          0         68   llshl.o
        36          0          0          0          0         68   llsshr.o
        32          0          0          0          0         68   llushr.o
        36          0          0          0          0        108   memseta.o
      2268         96          0          0          0        616   printfa.o
         0          0          0          4          0          0   stdout.o
        42          0          0          0          0         84   strcasecmp.o
        14          0          0          0          0         68   strlen.o
        50          0          0          0          0         84   strncasecmp.o
        12          0          0          0          0         68   tolower.o
        44          0          0          0          0         80   uidiv.o
        98          0          0          0          0         92   uldiv.o
        48          0          0          0          0         68   cdrcmple.o
       334          0          0          0          0        148   dadd.o
       222          0          0          0          0        100   ddiv.o
       186          0          0          0          0        176   depilogue.o
        48          0          0          0          0         68   dfixul.o
        26          0          0          0          0         76   dfltui.o
       228          0          0          0          0         96   dmul.o
       176          0          0          0          0        140   fadd.o
       110          0          0          0          0        168   fepilogue.o
        50          0          0          0          0         68   ffixi.o
        18          0          0          0          0         68   fflti.o
       100          0          0          0          0         76   fmul.o

    ----------------------------------------------------------------------
      4388        112          0          4          0       2724   Library Totals
         4          0          0          0          0          0   (incl. Padding)

    ----------------------------------------------------------------------

      Code (inc. data)   RO Data    RW Data    ZI Data      Debug   Library Name

      2838        112          0          4          0       1472   mc_w.l
      1546          0          0          0          0       1252   mf_w.l

    ----------------------------------------------------------------------
      4388        112          0          4          0       2724   Library Totals

    ----------------------------------------------------------------------

==============================================================================


      Code (inc. data)   RO Data    RW Data    ZI Data      Debug   

     26244       1626       3840        652       3668     724062   Grand Totals
     26244       1626       3840        228       3668     724062   ELF Image Totals (compressed)
     26244       1626       3840        228          0          0   ROM Totals

==============================================================================

    Total RO  Size (Code + RO Data)                30084 (  29.38kB)
    Total RW  Size (RW Data + ZI Data)              4320 (   4.22kB)
    Total ROM Size (Code + RO Data + RW Data)      30312 (  29.60kB)

==============================================================================

